../Core/Src/Application/communication_module.c:44:13:calculate_power_values	16	static
../Core/Src/Application/communication_module.c:126:13:select_display_motor	4	static
../Core/Src/Application/communication_module.c:149:13:display_motor_A	72	static
../Core/Src/Application/communication_module.c:213:13:display_motor_B	72	static
../Core/Src/Application/communication_module.c:256:13:update_display	8	static
../Core/Src/Application/communication_module.c:268:19:communication_module_init	8	static
../Core/Src/Application/communication_module.c:295:6:communication_module_process	16	static
../Core/Src/Application/communication_module.c:351:6:communication_uart_rx_callback	16	static
../Core/Src/Application/communication_module.c:357:6:communication_uart_error_callback	16	static
