../Core/Src/Application/communication_module.c:64:13:calculate_power_values	16	static
../Core/Src/Application/communication_module.c:151:13:update_display_button	4	static
../Core/Src/Application/communication_module.c:183:13:update_rotation_mode_button	16	static
../Core/Src/Application/communication_module.c:237:13:display_main_page	80	static
../Core/Src/Application/communication_module.c:317:13:display_details_page	72	static
../Core/Src/Application/communication_module.c:372:13:display_mode_message	8	static
../Core/Src/Application/communication_module.c:391:13:display_fault_line	48	static
../Core/Src/Application/communication_module.c:466:13:display_fault_page	8	static
../Core/Src/Application/communication_module.c:490:13:update_display	16	static
../Core/Src/Application/communication_module.c:532:19:communication_module_init	8	static
../Core/Src/Application/communication_module.c:609:6:communication_module_process	16	static
../Core/Src/Application/communication_module.c:675:6:communication_uart_rx_callback	16	static
../Core/Src/Application/communication_module.c:682:6:communication_uart_error_callback	16	static
