../Core/Src/Application/communication_module.c:64:13:calculate_power_values	16	static
../Core/Src/Application/communication_module.c:143:13:update_display_button	4	static
../Core/Src/Application/communication_module.c:175:13:update_rotation_mode_button	16	static
../Core/Src/Application/communication_module.c:229:13:display_main_page	72	static
../Core/Src/Application/communication_module.c:290:13:display_details_page	72	static
../Core/Src/Application/communication_module.c:345:13:display_mode_message	8	static
../Core/Src/Application/communication_module.c:367:13:update_display	16	static
../Core/Src/Application/communication_module.c:403:19:communication_module_init	8	static
../Core/Src/Application/communication_module.c:480:6:communication_module_process	16	static
../Core/Src/Application/communication_module.c:546:6:communication_uart_rx_callback	16	static
../Core/Src/Application/communication_module.c:553:6:communication_uart_error_callback	16	static
