../Core/Src/Application/motor_rs485.c:55:16:calculate_checksum	24	static
../Core/Src/Application/motor_rs485.c:71:6:send_en_A	16	static
../Core/Src/Application/motor_rs485.c:107:6:send_en_B	16	static
../Core/Src/Application/motor_rs485.c:135:13:receive_next_byte_A	8	static
../Core/Src/Application/motor_rs485.c:143:13:receive_next_byte_B	8	static
../Core/Src/Application/motor_rs485.c:151:6:motor_rs485_init	8	static
../Core/Src/Application/motor_rs485.c:166:13:send_frame_A	24	static
../Core/Src/Application/motor_rs485.c:195:13:send_frame_B	24	static
../Core/Src/Application/motor_rs485.c:224:6:motor_send_A	24	static
../Core/Src/Application/motor_rs485.c:261:6:motor_send_B	24	static
../Core/Src/Application/motor_rs485.c:298:13:receive_A	8	static
../Core/Src/Application/motor_rs485.c:330:13:receive_B	8	static
../Core/Src/Application/motor_rs485.c:353:6:motor_uart_rx_callback	16	static
../Core/Src/Application/motor_rs485.c:366:13:evaluate_frame_A	16	static
../Core/Src/Application/motor_rs485.c:441:13:evaluate_frame_B	16	static
../Core/Src/Application/motor_rs485.c:487:13:process_frame_A	16	static
../Core/Src/Application/motor_rs485.c:521:13:process_frame_B	16	static
../Core/Src/Application/motor_rs485.c:555:6:motor_process_received_frames	8	static
../Core/Src/Application/motor_rs485.c:561:6:motor_uart_error_callback	16	static
