../Core/Src/Application/motor_rs485.c:62:16:calculate_checksum	24	static
../Core/Src/Application/motor_rs485.c:78:6:send_en_A	16	static
../Core/Src/Application/motor_rs485.c:114:6:send_en_B	16	static
../Core/Src/Application/motor_rs485.c:142:13:receive_next_byte_A	8	static
../Core/Src/Application/motor_rs485.c:150:13:receive_next_byte_B	8	static
../Core/Src/Application/motor_rs485.c:158:6:motor_rs485_init	8	static
../Core/Src/Application/motor_rs485.c:179:13:send_frame_A	24	static
../Core/Src/Application/motor_rs485.c:208:13:send_frame_B	24	static
../Core/Src/Application/motor_rs485.c:237:6:motor_send_A	24	static
../Core/Src/Application/motor_rs485.c:305:6:motor_send_B	24	static
../Core/Src/Application/motor_rs485.c:373:13:receive_A	8	static
../Core/Src/Application/motor_rs485.c:405:13:receive_B	8	static
../Core/Src/Application/motor_rs485.c:428:6:motor_uart_rx_callback	16	static
../Core/Src/Application/motor_rs485.c:441:13:evaluate_frame_A	16	static
../Core/Src/Application/motor_rs485.c:562:13:evaluate_frame_B	16	static
../Core/Src/Application/motor_rs485.c:646:13:process_frame_A	16	static
../Core/Src/Application/motor_rs485.c:680:13:process_frame_B	16	static
../Core/Src/Application/motor_rs485.c:714:6:motor_process_received_frames	8	static
../Core/Src/Application/motor_rs485.c:720:6:motor_uart_error_callback	16	static
