Archive member included to satisfy reference by file (symbol)

C:/ST/STM32CubeIDE_2.1.1/STM32CubeIDE/plugins/com.st.stm32cube.ide.mcu.externaltools.gnu-tools-for-stm32.14.3.rel1.win32_1.0.100.202602081740/tools/bin/../lib/gcc/arm-none-eabi/14.3.1/../../../../arm-none-eabi/lib/thumb/v7e-m+fp/hard\libc_nano.a(libc_a-exit.o)
                              C:/ST/STM32CubeIDE_2.1.1/STM32CubeIDE/plugins/com.st.stm32cube.ide.mcu.externaltools.gnu-tools-for-stm32.14.3.rel1.win32_1.0.100.202602081740/tools/bin/../lib/gcc/arm-none-eabi/14.3.1/../../../../arm-none-eabi/lib/thumb/v7e-m+fp/hard/crt0.o (exit)
C:/ST/STM32CubeIDE_2.1.1/STM32CubeIDE/plugins/com.st.stm32cube.ide.mcu.externaltools.gnu-tools-for-stm32.14.3.rel1.win32_1.0.100.202602081740/tools/bin/../lib/gcc/arm-none-eabi/14.3.1/../../../../arm-none-eabi/lib/thumb/v7e-m+fp/hard\libc_nano.a(libc_a-findfp.o)
                              C:/ST/STM32CubeIDE_2.1.1/STM32CubeIDE/plugins/com.st.stm32cube.ide.mcu.externaltools.gnu-tools-for-stm32.14.3.rel1.win32_1.0.100.202602081740/tools/bin/../lib/gcc/arm-none-eabi/14.3.1/../../../../arm-none-eabi/lib/thumb/v7e-m+fp/hard\libc_nano.a(libc_a-exit.o) (__stdio_exit_handler)
C:/ST/STM32CubeIDE_2.1.1/STM32CubeIDE/plugins/com.st.stm32cube.ide.mcu.externaltools.gnu-tools-for-stm32.14.3.rel1.win32_1.0.100.202602081740/tools/bin/../lib/gcc/arm-none-eabi/14.3.1/../../../../arm-none-eabi/lib/thumb/v7e-m+fp/hard\libc_nano.a(libc_a-fwalk.o)
                              C:/ST/STM32CubeIDE_2.1.1/STM32CubeIDE/plugins/com.st.stm32cube.ide.mcu.externaltools.gnu-tools-for-stm32.14.3.rel1.win32_1.0.100.202602081740/tools/bin/../lib/gcc/arm-none-eabi/14.3.1/../../../../arm-none-eabi/lib/thumb/v7e-m+fp/hard\libc_nano.a(libc_a-findfp.o) (_fwalk_sglue)
C:/ST/STM32CubeIDE_2.1.1/STM32CubeIDE/plugins/com.st.stm32cube.ide.mcu.externaltools.gnu-tools-for-stm32.14.3.rel1.win32_1.0.100.202602081740/tools/bin/../lib/gcc/arm-none-eabi/14.3.1/../../../../arm-none-eabi/lib/thumb/v7e-m+fp/hard\libc_nano.a(libc_a-snprintf.o)
                              ./Core/Src/Application/communication_module.o (snprintf)
C:/ST/STM32CubeIDE_2.1.1/STM32CubeIDE/plugins/com.st.stm32cube.ide.mcu.externaltools.gnu-tools-for-stm32.14.3.rel1.win32_1.0.100.202602081740/tools/bin/../lib/gcc/arm-none-eabi/14.3.1/../../../../arm-none-eabi/lib/thumb/v7e-m+fp/hard\libc_nano.a(libc_a-stdio.o)
                              C:/ST/STM32CubeIDE_2.1.1/STM32CubeIDE/plugins/com.st.stm32cube.ide.mcu.externaltools.gnu-tools-for-stm32.14.3.rel1.win32_1.0.100.202602081740/tools/bin/../lib/gcc/arm-none-eabi/14.3.1/../../../../arm-none-eabi/lib/thumb/v7e-m+fp/hard\libc_nano.a(libc_a-findfp.o) (__sread)
C:/ST/STM32CubeIDE_2.1.1/STM32CubeIDE/plugins/com.st.stm32cube.ide.mcu.externaltools.gnu-tools-for-stm32.14.3.rel1.win32_1.0.100.202602081740/tools/bin/../lib/gcc/arm-none-eabi/14.3.1/../../../../arm-none-eabi/lib/thumb/v7e-m+fp/hard\libc_nano.a(libc_a-memset.o)
                              C:/ST/STM32CubeIDE_2.1.1/STM32CubeIDE/plugins/com.st.stm32cube.ide.mcu.externaltools.gnu-tools-for-stm32.14.3.rel1.win32_1.0.100.202602081740/tools/bin/../lib/gcc/arm-none-eabi/14.3.1/../../../../arm-none-eabi/lib/thumb/v7e-m+fp/hard/crt0.o (memset)
C:/ST/STM32CubeIDE_2.1.1/STM32CubeIDE/plugins/com.st.stm32cube.ide.mcu.externaltools.gnu-tools-for-stm32.14.3.rel1.win32_1.0.100.202602081740/tools/bin/../lib/gcc/arm-none-eabi/14.3.1/../../../../arm-none-eabi/lib/thumb/v7e-m+fp/hard\libc_nano.a(libc_a-closer.o)
                              C:/ST/STM32CubeIDE_2.1.1/STM32CubeIDE/plugins/com.st.stm32cube.ide.mcu.externaltools.gnu-tools-for-stm32.14.3.rel1.win32_1.0.100.202602081740/tools/bin/../lib/gcc/arm-none-eabi/14.3.1/../../../../arm-none-eabi/lib/thumb/v7e-m+fp/hard\libc_nano.a(libc_a-stdio.o) (_close_r)
C:/ST/STM32CubeIDE_2.1.1/STM32CubeIDE/plugins/com.st.stm32cube.ide.mcu.externaltools.gnu-tools-for-stm32.14.3.rel1.win32_1.0.100.202602081740/tools/bin/../lib/gcc/arm-none-eabi/14.3.1/../../../../arm-none-eabi/lib/thumb/v7e-m+fp/hard\libc_nano.a(libc_a-reent.o)
                              C:/ST/STM32CubeIDE_2.1.1/STM32CubeIDE/plugins/com.st.stm32cube.ide.mcu.externaltools.gnu-tools-for-stm32.14.3.rel1.win32_1.0.100.202602081740/tools/bin/../lib/gcc/arm-none-eabi/14.3.1/../../../../arm-none-eabi/lib/thumb/v7e-m+fp/hard\libc_nano.a(libc_a-closer.o) (errno)
C:/ST/STM32CubeIDE_2.1.1/STM32CubeIDE/plugins/com.st.stm32cube.ide.mcu.externaltools.gnu-tools-for-stm32.14.3.rel1.win32_1.0.100.202602081740/tools/bin/../lib/gcc/arm-none-eabi/14.3.1/../../../../arm-none-eabi/lib/thumb/v7e-m+fp/hard\libc_nano.a(libc_a-impure.o)
                              C:/ST/STM32CubeIDE_2.1.1/STM32CubeIDE/plugins/com.st.stm32cube.ide.mcu.externaltools.gnu-tools-for-stm32.14.3.rel1.win32_1.0.100.202602081740/tools/bin/../lib/gcc/arm-none-eabi/14.3.1/../../../../arm-none-eabi/lib/thumb/v7e-m+fp/hard\libc_nano.a(libc_a-snprintf.o) (_impure_ptr)
[...]
Memory Configuration

Name             Origin             Length             Attributes
CCMRAM           0x10000000         0x00004000         xrw
RAM              0x20000000         0x00010000         xrw
FLASH            0x08000000         0x00080000         xr
*default*        0x00000000         0xffffffff

Linker script and memory map

LOAD C:/ST/STM32CubeIDE_2.1.1/STM32CubeIDE/plugins/com.st.stm32cube.ide.mcu.externaltools.gnu-tools-for-stm32.14.3.rel1.win32_1.0.100.202602081740/tools/bin/../lib/gcc/arm-none-eabi/14.3.1/thumb/v7e-m+fp/hard/crti.o
LOAD C:/ST/STM32CubeIDE_2.1.1/STM32CubeIDE/plugins/com.st.stm32cube.ide.mcu.externaltools.gnu-tools-for-stm32.14.3.rel1.win32_1.0.100.202602081740/tools/bin/../lib/gcc/arm-none-eabi/14.3.1/thumb/v7e-m+fp/hard/crtbegin.o
LOAD C:/ST/STM32CubeIDE_2.1.1/STM32CubeIDE/plugins/com.st.stm32cube.ide.mcu.externaltools.gnu-tools-for-stm32.14.3.rel1.win32_1.0.100.202602081740/tools/bin/../lib/gcc/arm-none-eabi/14.3.1/../../../../arm-none-eabi/lib/thumb/v7e-m+fp/hard/crt0.o
LOAD ./Core/Src/Application/communication_module.o
LOAD ./Core/Src/Application/display_i2c.o
LOAD ./Core/Src/Application/joystick.o
LOAD ./Core/Src/Application/motor_rs485.o
LOAD ./Core/Src/adc.o
LOAD ./Core/Src/dma.o
LOAD ./Core/Src/gpio.o
LOAD ./Core/Src/i2c.o
LOAD ./Core/Src/main.o
LOAD ./Core/Src/stm32f3xx_hal_msp.o
LOAD ./Core/Src/stm32f3xx_it.o
LOAD ./Core/Src/syscalls.o
LOAD ./Core/Src/sysmem.o
LOAD ./Core/Src/system_stm32f3xx.o
LOAD ./Core/Src/usart.o
LOAD ./Core/Startup/startup_stm32f303retx.o
LOAD ./Drivers/STM32F3xx_HAL_Driver/Src/stm32f3xx_hal.o
LOAD ./Drivers/STM32F3xx_HAL_Driver/Src/stm32f3xx_hal_adc.o
LOAD ./Drivers/STM32F3xx_HAL_Driver/Src/stm32f3xx_hal_adc_ex.o
LOAD ./Drivers/STM32F3xx_HAL_Driver/Src/stm32f3xx_hal_cortex.o
LOAD ./Drivers/STM32F3xx_HAL_Driver/Src/stm32f3xx_hal_dma.o
LOAD ./Drivers/STM32F3xx_HAL_Driver/Src/stm32f3xx_hal_exti.o
LOAD ./Drivers/STM32F3xx_HAL_Driver/Src/stm32f3xx_hal_flash.o
LOAD ./Drivers/STM32F3xx_HAL_Driver/Src/stm32f3xx_hal_flash_ex.o
LOAD ./Drivers/STM32F3xx_HAL_Driver/Src/stm32f3xx_hal_gpio.o
LOAD ./Drivers/STM32F3xx_HAL_Driver/Src/stm32f3xx_hal_i2c.o
LOAD ./Drivers/STM32F3xx_HAL_Driver/Src/stm32f3xx_hal_i2c_ex.o
LOAD ./Drivers/STM32F3xx_HAL_Driver/Src/stm32f3xx_hal_pwr.o
LOAD ./Drivers/STM32F3xx_HAL_Driver/Src/stm32f3xx_hal_pwr_ex.o
LOAD ./Drivers/STM32F3xx_HAL_Driver/Src/stm32f3xx_hal_rcc.o
LOAD ./Drivers/STM32F3xx_HAL_Driver/Src/stm32f3xx_hal_rcc_ex.o
LOAD ./Drivers/STM32F3xx_HAL_Driver/Src/stm32f3xx_hal_uart.o
LOAD ./Drivers/STM32F3xx_HAL_Driver/Src/stm32f3xx_hal_uart_ex.o
START GROUP
LOAD C:/ST/STM32CubeIDE_2.1.1/STM32CubeIDE/plugins/com.st.stm32cube.ide.mcu.externaltools.gnu-tools-for-stm32.14.3.rel1.win32_1.0.100.202602081740/tools/bin/../lib/gcc/arm-none-eabi/14.3.1/../../../../arm-none-eabi/lib/thumb/v7e-m+fp/hard\libc_nano.a
LOAD C:/ST/STM32CubeIDE_2.1.1/STM32CubeIDE/plugins/com.st.stm32cube.ide.mcu.externaltools.gnu-tools-for-stm32.14.3.rel1.win32_1.0.100.202602081740/tools/bin/../lib/gcc/arm-none-eabi/14.3.1/../../../../arm-none-eabi/lib/thumb/v7e-m+fp/hard\libm.a
END GROUP
START GROUP
LOAD C:/ST/STM32CubeIDE_2.1.1/STM32CubeIDE/plugins/com.st.stm32cube.ide.mcu.externaltools.gnu-tools-for-stm32.14.3.rel1.win32_1.0.100.202602081740/tools/bin/../lib/gcc/arm-none-eabi/14.3.1/thumb/v7e-m+fp/hard\libgcc.a
LOAD C:/ST/STM32CubeIDE_2.1.1/STM32CubeIDE/plugins/com.st.stm32cube.ide.mcu.externaltools.gnu-tools-for-stm32.14.3.rel1.win32_1.0.100.202602081740/tools/bin/../lib/gcc/arm-none-eabi/14.3.1/../../../../arm-none-eabi/lib/thumb/v7e-m+fp/hard\libc_nano.a
END GROUP
START GROUP
LOAD C:/ST/STM32CubeIDE_2.1.1/STM32CubeIDE/plugins/com.st.stm32cube.ide.mcu.externaltools.gnu-tools-for-stm32.14.3.rel1.win32_1.0.100.202602081740/tools/bin/../lib/gcc/arm-none-eabi/14.3.1/thumb/v7e-m+fp/hard\libgcc.a
LOAD C:/ST/STM32CubeIDE_2.1.1/STM32CubeIDE/plugins/com.st.stm32cube.ide.mcu.externaltools.gnu-tools-for-stm32.14.3.rel1.win32_1.0.100.202602081740/tools/bin/../lib/gcc/arm-none-eabi/14.3.1/../../../../arm-none-eabi/lib/thumb/v7e-m+fp/hard\libc_nano.a
LOAD C:/ST/STM32CubeIDE_2.1.1/STM32CubeIDE/plugins/com.st.stm32cube.ide.mcu.externaltools.gnu-tools-for-stm32.14.3.rel1.win32_1.0.100.202602081740/tools/bin/../lib/gcc/arm-none-eabi/14.3.1/../../../../arm-none-eabi/lib/thumb/v7e-m+fp/hard\libnosys.a
END GROUP
START GROUP
LOAD C:/ST/STM32CubeIDE_2.1.1/STM32CubeIDE/plugins/com.st.stm32cube.ide.mcu.externaltools.gnu-tools-for-stm32.14.3.rel1.win32_1.0.100.202602081740/tools/bin/../lib/gcc/arm-none-eabi/14.3.1/thumb/v7e-m+fp/hard\libgcc.a
LOAD C:/ST/STM32CubeIDE_2.1.1/STM32CubeIDE/plugins/com.st.stm32cube.ide.mcu.externaltools.gnu-tools-for-stm32.14.3.rel1.win32_1.0.100.202602081740/tools/bin/../lib/gcc/arm-none-eabi/14.3.1/../../../../arm-none-eabi/lib/thumb/v7e-m+fp/hard\libc_nano.a
LOAD C:/ST/STM32CubeIDE_2.1.1/STM32CubeIDE/plugins/com.st.stm32cube.ide.mcu.externaltools.gnu-tools-for-stm32.14.3.rel1.win32_1.0.100.202602081740/tools/bin/../lib/gcc/arm-none-eabi/14.3.1/../../../../arm-none-eabi/lib/thumb/v7e-m+fp/hard\libnosys.a
END GROUP
LOAD C:/ST/STM32CubeIDE_2.1.1/STM32CubeIDE/plugins/com.st.stm32cube.ide.mcu.externaltools.gnu-tools-for-stm32.14.3.rel1.win32_1.0.100.202602081740/tools/bin/../lib/gcc/arm-none-eabi/14.3.1/thumb/v7e-m+fp/hard/crtend.o
LOAD C:/ST/STM32CubeIDE_2.1.1/STM32CubeIDE/plugins/com.st.stm32cube.ide.mcu.externaltools.gnu-tools-for-stm32.14.3.rel1.win32_1.0.100.202602081740/tools/bin/../lib/gcc/arm-none-eabi/14.3.1/thumb/v7e-m+fp/hard/crtn.o
                0x20010000                        _estack = (ORIGIN (RAM) + LENGTH (RAM))
                0x00000200                        _Min_Heap_Size = 0x200
                0x00000400                        _Min_Stack_Size = 0x400

.isr_vector     0x08000000      0x194
                0x08000000                        . = ALIGN (0x4)
 *(.isr_vector)
 .isr_vector    0x08000000      0x194 ./Core/Startup/startup_stm32f303retx.o
                0x08000000                g_pfnVectors
                0x08000194                        . = ALIGN (0x4)

.text           0x080001a0     0x7a14
                0x080001a0                        . = ALIGN (0x4)
 *(.text)
 .text          0x080001a0       0x40 C:/ST/STM32CubeIDE_2.1.1/STM32CubeIDE/plugins/com.st.stm32cube.ide.mcu.externaltools.gnu-tools-for-stm32.14.3.rel1.win32_1.0.100.202602081740/tools/bin/../lib/gcc/arm-none-eabi/14.3.1/thumb/v7e-m+fp/hard/crtbegin.o
 .text          0x080001e0       0xa0 C:/ST/STM32CubeIDE_2.1.1/STM32CubeIDE/plugins/com.st.stm32cube.ide.mcu.externaltools.gnu-tools-for-stm32.14.3.rel1.win32_1.0.100.202602081740/tools/bin/../lib/gcc/arm-none-eabi/14.3.1/../../../../arm-none-eabi/lib/thumb/v7e-m+fp/hard\libc_nano.a(libc_a-memchr.o)
                0x080001e0                memchr
 *(.text*)
 .text.calculate_power_values
                0x08000280       0xfc ./Core/Src/Application/communication_module.o
 .text.update_display_button
                0x0800037c       0x60 ./Core/Src/Application/communication_module.o
 .text.update_rotation_mode_button
                0x080003dc       0xb0 ./Core/Src/Application/communication_module.o
 .text.display_main_page
                0x0800048c      0x158 ./Core/Src/Application/communication_module.o
 .text.display_details_page
                0x080005e4      0x140 ./Core/Src/Application/communication_module.o
 .text.display_mode_message
                0x08000724       0x5c ./Core/Src/Application/communication_module.o
 .text.update_display
                0x08000780       0x54 ./Core/Src/Application/communication_module.o
 .text.communication_module_init
                0x080007d4       0xfc ./Core/Src/Application/communication_module.o
                0x080007d4                communication_module_init
 .text.communication_module_process
                0x080008d0       0x9c ./Core/Src/Application/communication_module.o
                0x080008d0                communication_module_process
 .text.communication_uart_rx_callback
                0x0800096c       0x16 ./Core/Src/Application/communication_module.o
                0x0800096c                communication_uart_rx_callback
 .text.communication_uart_error_callback
                0x08000982       0x16 ./Core/Src/Application/communication_module.o
                0x08000982                communication_uart_error_callback
 .text.expander_write
                0x08000998       0x3c ./Core/Src/Application/display_i2c.o
 .text.write_nibble
                0x080009d4       0x54 ./Core/Src/Application/display_i2c.o
 .text.write_byte
                0x08000a28       0x4e ./Core/Src/Application/display_i2c.o
 .text.send_command
                0x08000a76       0x34 ./Core/Src/Application/display_i2c.o
 .text.send_character
                0x08000aaa       0x1e ./Core/Src/Application/display_i2c.o
 .text.Display_Init
                0x08000ac8       0xf0 ./Core/Src/Application/display_i2c.o
                0x08000ac8                Display_Init
 .text.Display_Clear
                0x08000bb8       0x10 ./Core/Src/Application/display_i2c.o
                0x08000bb8                Display_Clear
 .text.Display_SetCursor
                0x08000bc8       0x4c ./Core/Src/Application/display_i2c.o
                0x08000bc8                Display_SetCursor
 .text.Display_Write
                0x08000c14       0x48 ./Core/Src/Application/display_i2c.o
                0x08000c14                Display_Write
 .text.Display_WriteLine
                0x08000c5c       0x9a ./Core/Src/Application/display_i2c.o
                0x08000c5c                Display_WriteLine
 .text.scale_axis
                0x08000cf6       0x98 ./Core/Src/Application/joystick.o
 *fill*         0x08000d8e        0x2 
 .text.joystick_init
                0x08000d90       0x40 ./Core/Src/Application/joystick.o
                0x08000d90                joystick_init
 .text.joystick_update
                0x08000dd0       0xa0 ./Core/Src/Application/joystick.o
                0x08000dd0                joystick_update
 .text.calculate_checksum
                0x08000e70       0x4c ./Core/Src/Application/motor_rs485.o
 .text.send_en_A
                0x08000ebc       0x4a ./Core/Src/Application/motor_rs485.o
                0x08000ebc                send_en_A
 *fill*         0x08000f06        0x2 
 .text.send_en_B
                0x08000f08       0x48 ./Core/Src/Application/motor_rs485.o
                0x08000f08                send_en_B
 .text.receive_next_byte_A
                0x08000f50       0x1c ./Core/Src/Application/motor_rs485.o
 .text.receive_next_byte_B
                0x08000f6c       0x1c ./Core/Src/Application/motor_rs485.o
 .text.motor_rs485_init
                0x08000f88       0x44 ./Core/Src/Application/motor_rs485.o
                0x08000f88                motor_rs485_init
 .text.send_frame_A
                0x08000fcc       0x58 ./Core/Src/Application/motor_rs485.o
 .text.send_frame_B
                0x08001024       0x58 ./Core/Src/Application/motor_rs485.o
 .text.motor_send_A
                0x0800107c       0x5a ./Core/Src/Application/motor_rs485.o
                0x0800107c                motor_send_A
 .text.motor_send_B
                0x080010d6       0x5a ./Core/Src/Application/motor_rs485.o
                0x080010d6                motor_send_B
 .text.receive_A
                0x08001130       0x6c ./Core/Src/Application/motor_rs485.o
 .text.receive_B
                0x0800119c       0x6c ./Core/Src/Application/motor_rs485.o
 .text.motor_uart_rx_callback
                0x08001208       0x34 ./Core/Src/Application/motor_rs485.o
                0x08001208                motor_uart_rx_callback
 .text.evaluate_frame_A
                0x0800123c       0xf0 ./Core/Src/Application/motor_rs485.o
 .text.evaluate_frame_B
                0x0800132c       0xf0 ./Core/Src/Application/motor_rs485.o
 .text.process_frame_A
                0x0800141c       0x7c ./Core/Src/Application/motor_rs485.o
 .text.process_frame_B
                0x08001498       0x7c ./Core/Src/Application/motor_rs485.o
 .text.motor_process_received_frames
                0x08001514       0x10 ./Core/Src/Application/motor_rs485.o
                0x08001514                motor_process_received_frames
 .text.motor_uart_error_callback
                0x08001524       0x5c ./Core/Src/Application/motor_rs485.o
                0x08001524                motor_uart_error_callback
 .text.MX_ADC4_Init
                0x08001580       0xf4 ./Core/Src/adc.o
                0x08001580                MX_ADC4_Init
 .text.HAL_ADC_MspInit
                0x08001674       0xd8 ./Core/Src/adc.o
                0x08001674                HAL_ADC_MspInit
 .text.MX_DMA_Init
                0x0800174c       0x34 ./Core/Src/dma.o
                0x0800174c                MX_DMA_Init
 .text.MX_GPIO_Init
                0x08001780      0x10c ./Core/Src/gpio.o
                0x08001780                MX_GPIO_Init
 .text.MX_I2C1_Init
                0x0800188c       0x80 ./Core/Src/i2c.o
                0x0800188c                MX_I2C1_Init
 .text.HAL_I2C_MspInit
                0x0800190c       0x88 ./Core/Src/i2c.o
                0x0800190c                HAL_I2C_MspInit
 .text.main     0x08001994       0x38 ./Core/Src/main.o
                0x08001994                main
 .text.SystemClock_Config
                0x080019cc       0xd2 ./Core/Src/main.o
                0x080019cc                SystemClock_Config
 .text.HAL_UART_RxCpltCallback
                0x08001a9e       0x16 ./Core/Src/main.o
                0x08001a9e                HAL_UART_RxCpltCallback
 .text.HAL_UART_ErrorCallback
                0x08001ab4       0x16 ./Core/Src/main.o
                0x08001ab4                HAL_UART_ErrorCallback
 .text.Error_Handler
                0x08001aca        0xc ./Core/Src/main.o
                0x08001aca                Error_Handler
 *fill*         0x08001ad6        0x2 
 .text.HAL_MspInit
                0x08001ad8       0x48 ./Core/Src/stm32f3xx_hal_msp.o
                0x08001ad8                HAL_MspInit
 .text.NMI_Handler
                0x08001b20        0x8 ./Core/Src/stm32f3xx_it.o
                0x08001b20                NMI_Handler
 .text.HardFault_Handler
                0x08001b28        0x8 ./Core/Src/stm32f3xx_it.o
                0x08001b28                HardFault_Handler
 .text.MemManage_Handler
                0x08001b30        0x8 ./Core/Src/stm32f3xx_it.o
                0x08001b30                MemManage_Handler
 .text.BusFault_Handler
                0x08001b38        0x8 ./Core/Src/stm32f3xx_it.o
                0x08001b38                BusFault_Handler
 .text.UsageFault_Handler
                0x08001b40        0x8 ./Core/Src/stm32f3xx_it.o
                0x08001b40                UsageFault_Handler
 .text.SVC_Handler
                0x08001b48        0xe ./Core/Src/stm32f3xx_it.o
                0x08001b48                SVC_Handler
 .text.DebugMon_Handler
                0x08001b56        0xe ./Core/Src/stm32f3xx_it.o
                0x08001b56                DebugMon_Handler
 .text.PendSV_Handler
                0x08001b64        0xe ./Core/Src/stm32f3xx_it.o
                0x08001b64                PendSV_Handler
 .text.SysTick_Handler
                0x08001b72        0xc ./Core/Src/stm32f3xx_it.o
                0x08001b72                SysTick_Handler
 *fill*         0x08001b7e        0x2 
 .text.USART1_IRQHandler
                0x08001b80       0x14 ./Core/Src/stm32f3xx_it.o
                0x08001b80                USART1_IRQHandler
 .text.USART3_IRQHandler
                0x08001b94       0x14 ./Core/Src/stm32f3xx_it.o
                0x08001b94                USART3_IRQHandler
 .text.DMA2_Channel2_IRQHandler
                0x08001ba8       0x14 ./Core/Src/stm32f3xx_it.o
                0x08001ba8                DMA2_Channel2_IRQHandler
 .text._sbrk    0x08001bbc       0x6c ./Core/Src/sysmem.o
                0x08001bbc                _sbrk
 .text.SystemInit
                0x08001c28       0x24 ./Core/Src/system_stm32f3xx.o
                0x08001c28                SystemInit
 .text.MX_USART1_UART_Init
                0x08001c4c       0x60 ./Core/Src/usart.o
                0x08001c4c                MX_USART1_UART_Init
 .text.MX_USART3_UART_Init
                0x08001cac       0x60 ./Core/Src/usart.o
                0x08001cac                MX_USART3_UART_Init
 .text.HAL_UART_MspInit
                0x08001d0c      0x10c ./Core/Src/usart.o
                0x08001d0c                HAL_UART_MspInit
 .text.Reset_Handler
                0x08001e18       0x50 ./Core/Startup/startup_stm32f303retx.o
                0x08001e18                Reset_Handler
 .text.Default_Handler
                0x08001e68        0x2 ./Core/Startup/startup_stm32f303retx.o
                0x08001e68                RTC_Alarm_IRQHandler
                0x08001e68                TIM8_TRG_COM_IRQHandler
                0x08001e68                TIM8_CC_IRQHandler
                0x08001e68                SPI4_IRQHandler
                0x08001e68                TIM1_CC_IRQHandler
                0x08001e68                USB_HP_IRQHandler
                0x08001e68                PVD_IRQHandler
                0x08001e68                TAMP_STAMP_IRQHandler
                0x08001e68                EXTI3_IRQHandler
                0x08001e68                I2C3_ER_IRQHandler
                0x08001e68                USB_HP_CAN_TX_IRQHandler
                0x08001e68                EXTI0_IRQHandler
                0x08001e68                I2C2_EV_IRQHandler
                0x08001e68                FPU_IRQHandler
                0x08001e68                TIM1_UP_TIM16_IRQHandler
                0x08001e68                ADC1_2_IRQHandler
                0x08001e68                SPI1_IRQHandler
                0x08001e68                CAN_SCE_IRQHandler
                0x08001e68                TIM6_DAC_IRQHandler
                0x08001e68                TIM8_UP_IRQHandler
                0x08001e68                DMA1_Channel4_IRQHandler
                0x08001e68                TIM20_TRG_COM_IRQHandler
                0x08001e68                DMA1_Channel7_IRQHandler
                0x08001e68                UART5_IRQHandler
                0x08001e68                ADC3_IRQHandler
                0x08001e68                TIM4_IRQHandler
                0x08001e68                CAN_RX1_IRQHandler
                0x08001e68                DMA2_Channel1_IRQHandler
                0x08001e68                I2C1_EV_IRQHandler
                0x08001e68                DMA1_Channel6_IRQHandler
                0x08001e68                UART4_IRQHandler
                0x08001e68                DMA2_Channel4_IRQHandler
                0x08001e68                TIM3_IRQHandler
                0x08001e68                RCC_IRQHandler
                0x08001e68                TIM20_UP_IRQHandler
                0x08001e68                DMA1_Channel1_IRQHandler
                0x08001e68                Default_Handler
                0x08001e68                USBWakeUp_RMP_IRQHandler
                0x08001e68                EXTI15_10_IRQHandler
                0x08001e68                TIM7_IRQHandler
                0x08001e68                I2C3_EV_IRQHandler
                0x08001e68                EXTI9_5_IRQHandler
                0x08001e68                RTC_WKUP_IRQHandler
                0x08001e68                SPI2_IRQHandler
                0x08001e68                USB_LP_CAN_RX0_IRQHandler
                0x08001e68                DMA2_Channel5_IRQHandler
                0x08001e68                DMA1_Channel5_IRQHandler
                0x08001e68                USB_LP_IRQHandler
                0x08001e68                EXTI4_IRQHandler
                0x08001e68                TIM1_TRG_COM_TIM17_IRQHandler
                0x08001e68                DMA1_Channel3_IRQHandler
                0x08001e68                ADC4_IRQHandler
                0x08001e68                WWDG_IRQHandler
                0x08001e68                TIM2_IRQHandler
                0x08001e68                COMP7_IRQHandler
                0x08001e68                COMP1_2_3_IRQHandler
                0x08001e68                EXTI1_IRQHandler
                0x08001e68                USART2_IRQHandler
                0x08001e68                COMP4_5_6_IRQHandler
                0x08001e68                TIM20_BRK_IRQHandler
                0x08001e68                I2C2_ER_IRQHandler
                0x08001e68                DMA1_Channel2_IRQHandler
                0x08001e68                TIM8_BRK_IRQHandler
                0x08001e68                FLASH_IRQHandler
                0x08001e68                TIM20_CC_IRQHandler
                0x08001e68                SPI3_IRQHandler
                0x08001e68                I2C1_ER_IRQHandler
                0x08001e68                FMC_IRQHandler
                0x08001e68                USBWakeUp_IRQHandler
                0x08001e68                DMA2_Channel3_IRQHandler
                0x08001e68                EXTI2_TSC_IRQHandler
                0x08001e68                TIM1_BRK_TIM15_IRQHandler
 *fill*         0x08001e6a        0x2 
 .text.HAL_Init
                0x08001e6c       0x2c ./Drivers/STM32F3xx_HAL_Driver/Src/stm32f3xx_hal.o
                0x08001e6c                HAL_Init
 .text.HAL_InitTick
                0x08001e98       0x60 ./Drivers/STM32F3xx_HAL_Driver/Src/stm32f3xx_hal.o
                0x08001e98                HAL_InitTick
 .text.HAL_IncTick
                0x08001ef8       0x28 ./Drivers/STM32F3xx_HAL_Driver/Src/stm32f3xx_hal.o
                0x08001ef8                HAL_IncTick
 .text.HAL_GetTick
                0x08001f20       0x18 ./Drivers/STM32F3xx_HAL_Driver/Src/stm32f3xx_hal.o
                0x08001f20                HAL_GetTick
 .text.HAL_Delay
                0x08001f38       0x48 ./Drivers/STM32F3xx_HAL_Driver/Src/stm32f3xx_hal.o
                0x08001f38                HAL_Delay
 .text.HAL_ADC_ConvCpltCallback
                0x08001f80       0x14 ./Drivers/STM32F3xx_HAL_Driver/Src/stm32f3xx_hal_adc.o
                0x08001f80                HAL_ADC_ConvCpltCallback
 .text.HAL_ADC_ConvHalfCpltCallback
                0x08001f94       0x14 ./Drivers/STM32F3xx_HAL_Driver/Src/stm32f3xx_hal_adc.o
                0x08001f94                HAL_ADC_ConvHalfCpltCallback
 .text.HAL_ADC_ErrorCallback
                0x08001fa8       0x14 ./Drivers/STM32F3xx_HAL_Driver/Src/stm32f3xx_hal_adc.o
                0x08001fa8                HAL_ADC_ErrorCallback
 .text.HAL_ADC_Init
                0x08001fbc      0x3f4 ./Drivers/STM32F3xx_HAL_Driver/Src/stm32f3xx_hal_adc_ex.o
                0x08001fbc                HAL_ADC_Init
 .text.HAL_ADC_Start_DMA
                0x080023b0      0x238 ./Drivers/STM32F3xx_HAL_Driver/Src/stm32f3xx_hal_adc_ex.o
                0x080023b0                HAL_ADC_Start_DMA
 .text.HAL_ADCEx_Calibration_Start
                0x080025e8       0xe4 ./Drivers/STM32F3xx_HAL_Driver/Src/stm32f3xx_hal_adc_ex.o
                0x080025e8                HAL_ADCEx_Calibration_Start
 .text.HAL_ADC_ConfigChannel
                0x080026cc      0x5d4 ./Drivers/STM32F3xx_HAL_Driver/Src/stm32f3xx_hal_adc_ex.o
                0x080026cc                HAL_ADC_ConfigChannel
 .text.ADC_DMAConvCplt
                0x08002ca0       0x7a ./Drivers/STM32F3xx_HAL_Driver/Src/stm32f3xx_hal_adc_ex.o
 .text.ADC_DMAHalfConvCplt
                0x08002d1a       0x1c ./Drivers/STM32F3xx_HAL_Driver/Src/stm32f3xx_hal_adc_ex.o
 .text.ADC_DMAError
                0x08002d36       0x34 ./Drivers/STM32F3xx_HAL_Driver/Src/stm32f3xx_hal_adc_ex.o
 *fill*         0x08002d6a        0x2 
 .text.ADC_Enable
                0x08002d6c       0xc8 ./Drivers/STM32F3xx_HAL_Driver/Src/stm32f3xx_hal_adc_ex.o
 .text.ADC_Disable
                0x08002e34       0xcc ./Drivers/STM32F3xx_HAL_Driver/Src/stm32f3xx_hal_adc_ex.o
 .text.__NVIC_SetPriorityGrouping
                0x08002f00       0x48 ./Drivers/STM32F3xx_HAL_Driver/Src/stm32f3xx_hal_cortex.o
 .text.__NVIC_GetPriorityGrouping
                0x08002f48       0x1c ./Drivers/STM32F3xx_HAL_Driver/Src/stm32f3xx_hal_cortex.o
 .text.__NVIC_EnableIRQ
                0x08002f64       0x3c ./Drivers/STM32F3xx_HAL_Driver/Src/stm32f3xx_hal_cortex.o
 .text.__NVIC_DisableIRQ
                0x08002fa0       0x48 ./Drivers/STM32F3xx_HAL_Driver/Src/stm32f3xx_hal_cortex.o
 .text.__NVIC_SetPriority
                0x08002fe8       0x54 ./Drivers/STM32F3xx_HAL_Driver/Src/stm32f3xx_hal_cortex.o
 .text.NVIC_EncodePriority
                0x0800303c       0x66 ./Drivers/STM32F3xx_HAL_Driver/Src/stm32f3xx_hal_cortex.o
 *fill*         0x080030a2        0x2 
 .text.SysTick_Config
                0x080030a4       0x44 ./Drivers/STM32F3xx_HAL_Driver/Src/stm32f3xx_hal_cortex.o
 .text.HAL_NVIC_SetPriorityGrouping
                0x080030e8       0x16 ./Drivers/STM32F3xx_HAL_Driver/Src/stm32f3xx_hal_cortex.o
                0x080030e8                HAL_NVIC_SetPriorityGrouping
 .text.HAL_NVIC_SetPriority
                0x080030fe       0x38 ./Drivers/STM32F3xx_HAL_Driver/Src/stm32f3xx_hal_cortex.o
                0x080030fe                HAL_NVIC_SetPriority
 .text.HAL_NVIC_EnableIRQ
                0x08003136       0x1c ./Drivers/STM32F3xx_HAL_Driver/Src/stm32f3xx_hal_cortex.o
                0x08003136                HAL_NVIC_EnableIRQ
 .text.HAL_NVIC_DisableIRQ
                0x08003152       0x1c ./Drivers/STM32F3xx_HAL_Driver/Src/stm32f3xx_hal_cortex.o
                0x08003152                HAL_NVIC_DisableIRQ
 .text.HAL_SYSTICK_Config
                0x0800316e       0x18 ./Drivers/STM32F3xx_HAL_Driver/Src/stm32f3xx_hal_cortex.o
                0x0800316e                HAL_SYSTICK_Config
 .text.HAL_DMA_Init
                0x08003186       0x8e ./Drivers/STM32F3xx_HAL_Driver/Src/stm32f3xx_hal_dma.o
                0x08003186                HAL_DMA_Init
 .text.HAL_DMA_Start_IT
                0x08003214       0xbe ./Drivers/STM32F3xx_HAL_Driver/Src/stm32f3xx_hal_dma.o
                0x08003214                HAL_DMA_Start_IT
 .text.HAL_DMA_Abort
                0x080032d2       0x7c ./Drivers/STM32F3xx_HAL_Driver/Src/stm32f3xx_hal_dma.o
                0x080032d2                HAL_DMA_Abort
 .text.HAL_DMA_Abort_IT
                0x0800334e       0x7c ./Drivers/STM32F3xx_HAL_Driver/Src/stm32f3xx_hal_dma.o
                0x0800334e                HAL_DMA_Abort_IT
 .text.HAL_DMA_IRQHandler
                0x080033ca      0x146 ./Drivers/STM32F3xx_HAL_Driver/Src/stm32f3xx_hal_dma.o
                0x080033ca                HAL_DMA_IRQHandler
 .text.DMA_SetConfig
                0x08003510       0x5c ./Drivers/STM32F3xx_HAL_Driver/Src/stm32f3xx_hal_dma.o
 .text.DMA_CalcBaseAndBitshift
                0x0800356c       0x78 ./Drivers/STM32F3xx_HAL_Driver/Src/stm32f3xx_hal_dma.o
 .text.HAL_GPIO_Init
                0x080035e4      0x314 ./Drivers/STM32F3xx_HAL_Driver/Src/stm32f3xx_hal_gpio.o
                0x080035e4                HAL_GPIO_Init
 .text.HAL_GPIO_ReadPin
                0x080038f8       0x30 ./Drivers/STM32F3xx_HAL_Driver/Src/stm32f3xx_hal_gpio.o
                0x080038f8                HAL_GPIO_ReadPin
 .text.HAL_GPIO_WritePin
                0x08003928       0x30 ./Drivers/STM32F3xx_HAL_Driver/Src/stm32f3xx_hal_gpio.o
                0x08003928                HAL_GPIO_WritePin
 .text.HAL_I2C_Init
                0x08003958      0x136 ./Drivers/STM32F3xx_HAL_Driver/Src/stm32f3xx_hal_i2c.o
                0x08003958                HAL_I2C_Init
 *fill*         0x08003a8e        0x2 
 .text.HAL_I2C_Master_Transmit
                0x08003a90      0x230 ./Drivers/STM32F3xx_HAL_Driver/Src/stm32f3xx_hal_i2c.o
                0x08003a90                HAL_I2C_Master_Transmit
 .text.HAL_I2C_IsDeviceReady
                0x08003cc0      0x1d8 ./Drivers/STM32F3xx_HAL_Driver/Src/stm32f3xx_hal_i2c.o
                0x08003cc0                HAL_I2C_IsDeviceReady
 .text.I2C_Flush_TXDR
                0x08003e98       0x48 ./Drivers/STM32F3xx_HAL_Driver/Src/stm32f3xx_hal_i2c.o
 .text.I2C_WaitOnFlagUntilTimeout
                0x08003ee0       0xb2 ./Drivers/STM32F3xx_HAL_Driver/Src/stm32f3xx_hal_i2c.o
 .text.I2C_WaitOnTXISFlagUntilTimeout
                0x08003f92       0x8e ./Drivers/STM32F3xx_HAL_Driver/Src/stm32f3xx_hal_i2c.o
 .text.I2C_WaitOnSTOPFlagUntilTimeout
                0x08004020       0x86 ./Drivers/STM32F3xx_HAL_Driver/Src/stm32f3xx_hal_i2c.o
 *fill*         0x080040a6        0x2 
 .text.I2C_IsErrorOccurred
                0x080040a8      0x1c0 ./Drivers/STM32F3xx_HAL_Driver/Src/stm32f3xx_hal_i2c.o
 .text.I2C_TransferConfig
                0x08004268       0x64 ./Drivers/STM32F3xx_HAL_Driver/Src/stm32f3xx_hal_i2c.o
 .text.HAL_I2CEx_ConfigAnalogFilter
                0x080042cc       0x96 ./Drivers/STM32F3xx_HAL_Driver/Src/stm32f3xx_hal_i2c_ex.o
                0x080042cc                HAL_I2CEx_ConfigAnalogFilter
 .text.HAL_I2CEx_ConfigDigitalFilter
                0x08004362       0x98 ./Drivers/STM32F3xx_HAL_Driver/Src/stm32f3xx_hal_i2c_ex.o
                0x08004362                HAL_I2CEx_ConfigDigitalFilter
 *fill*         0x080043fa        0x2 
 .text.HAL_RCC_OscConfig
                0x080043fc     0x1048 ./Drivers/STM32F3xx_HAL_Driver/Src/stm32f3xx_hal_rcc.o
                0x080043fc                HAL_RCC_OscConfig
 .text.HAL_RCC_ClockConfig
                0x08005444      0x2dc ./Drivers/STM32F3xx_HAL_Driver/Src/stm32f3xx_hal_rcc.o
                0x08005444                HAL_RCC_ClockConfig
 .text.HAL_RCC_GetSysClockFreq
                0x08005720       0xac ./Drivers/STM32F3xx_HAL_Driver/Src/stm32f3xx_hal_rcc.o
                0x08005720                HAL_RCC_GetSysClockFreq
 .text.HAL_RCC_GetHCLKFreq
                0x080057cc       0x18 ./Drivers/STM32F3xx_HAL_Driver/Src/stm32f3xx_hal_rcc.o
                0x080057cc                HAL_RCC_GetHCLKFreq
 .text.HAL_RCC_GetPCLK1Freq
                0x080057e4       0x44 ./Drivers/STM32F3xx_HAL_Driver/Src/stm32f3xx_hal_rcc.o
                0x080057e4                HAL_RCC_GetPCLK1Freq
 .text.HAL_RCC_GetPCLK2Freq
                0x08005828       0x44 ./Drivers/STM32F3xx_HAL_Driver/Src/stm32f3xx_hal_rcc.o
                0x08005828                HAL_RCC_GetPCLK2Freq
 .text.HAL_RCCEx_PeriphCLKConfig
                0x0800586c      0x438 ./Drivers/STM32F3xx_HAL_Driver/Src/stm32f3xx_hal_rcc_ex.o
                0x0800586c                HAL_RCCEx_PeriphCLKConfig
 .text.HAL_UART_Init
                0x08005ca4       0x9c ./Drivers/STM32F3xx_HAL_Driver/Src/stm32f3xx_hal_uart.o
                0x08005ca4                HAL_UART_Init
 .text.HAL_UART_Transmit
                0x08005d40      0x112 ./Drivers/STM32F3xx_HAL_Driver/Src/stm32f3xx_hal_uart.o
                0x08005d40                HAL_UART_Transmit
 .text.HAL_UART_Receive_IT
                0x08005e52       0x88 ./Drivers/STM32F3xx_HAL_Driver/Src/stm32f3xx_hal_uart.o
                0x08005e52                HAL_UART_Receive_IT
 *fill*         0x08005eda        0x2 
 .text.HAL_UART_IRQHandler
                0x08005edc      0x5cc ./Drivers/STM32F3xx_HAL_Driver/Src/stm32f3xx_hal_uart.o
                0x08005edc                HAL_UART_IRQHandler
 .text.HAL_UART_TxCpltCallback
                0x080064a8       0x14 ./Drivers/STM32F3xx_HAL_Driver/Src/stm32f3xx_hal_uart.o
                0x080064a8                HAL_UART_TxCpltCallback
 .text.HAL_UARTEx_RxEventCallback
                0x080064bc       0x18 ./Drivers/STM32F3xx_HAL_Driver/Src/stm32f3xx_hal_uart.o
                0x080064bc                HAL_UARTEx_RxEventCallback
 .text.UART_SetConfig
                0x080064d4      0x3a8 ./Drivers/STM32F3xx_HAL_Driver/Src/stm32f3xx_hal_uart.o
                0x080064d4                UART_SetConfig
 .text.UART_AdvFeatureConfig
                0x0800687c      0x144 ./Drivers/STM32F3xx_HAL_Driver/Src/stm32f3xx_hal_uart.o
                0x0800687c                UART_AdvFeatureConfig
 .text.UART_CheckIdleState
                0x080069c0      0x150 ./Drivers/STM32F3xx_HAL_Driver/Src/stm32f3xx_hal_uart.o
                0x080069c0                UART_CheckIdleState
 .text.UART_WaitOnFlagUntilTimeout
                0x08006b10       0xda ./Drivers/STM32F3xx_HAL_Driver/Src/stm32f3xx_hal_uart.o
                0x08006b10                UART_WaitOnFlagUntilTimeout
 *fill*         0x08006bea        0x2 
 .text.UART_Start_Receive_IT
                0x08006bec      0x18c ./Drivers/STM32F3xx_HAL_Driver/Src/stm32f3xx_hal_uart.o
                0x08006bec                UART_Start_Receive_IT
 .text.UART_EndRxTransfer
                0x08006d78       0xc8 ./Drivers/STM32F3xx_HAL_Driver/Src/stm32f3xx_hal_uart.o
 .text.UART_DMAAbortOnError
                0x08006e40       0x2c ./Drivers/STM32F3xx_HAL_Driver/Src/stm32f3xx_hal_uart.o
 .text.UART_EndTransmit_IT
                0x08006e6c       0x54 ./Drivers/STM32F3xx_HAL_Driver/Src/stm32f3xx_hal_uart.o
 .text.UART_RxISR_8BIT
                0x08006ec0      0x1a8 ./Drivers/STM32F3xx_HAL_Driver/Src/stm32f3xx_hal_uart.o
 .text.UART_RxISR_16BIT
                0x08007068      0x1a8 ./Drivers/STM32F3xx_HAL_Driver/Src/stm32f3xx_hal_uart.o
 .text.HAL_UARTEx_WakeupCallback
                0x08007210       0x14 ./Drivers/STM32F3xx_HAL_Driver/Src/stm32f3xx_hal_uart_ex.o
                0x08007210                HAL_UARTEx_WakeupCallback
 .text.snprintf
                0x08007224       0x6c C:/ST/STM32CubeIDE_2.1.1/STM32CubeIDE/plugins/com.st.stm32cube.ide.mcu.externaltools.gnu-tools-for-stm32.14.3.rel1.win32_1.0.100.202602081740/tools/bin/../lib/gcc/arm-none-eabi/14.3.1/../../../../arm-none-eabi/lib/thumb/v7e-m+fp/hard\libc_nano.a(libc_a-snprintf.o)
                0x08007224                sniprintf
                0x08007224                snprintf
 .text.memset   0x08007290       0x10 C:/ST/STM32CubeIDE_2.1.1/STM32CubeIDE/plugins/com.st.stm32cube.ide.mcu.externaltools.gnu-tools-for-stm32.14.3.rel1.win32_1.0.100.202602081740/tools/bin/../lib/gcc/arm-none-eabi/14.3.1/../../../../arm-none-eabi/lib/thumb/v7e-m+fp/hard\libc_nano.a(libc_a-memset.o)
                0x08007290                memset
 .text.__errno  0x080072a0        0xc C:/ST/STM32CubeIDE_2.1.1/STM32CubeIDE/plugins/com.st.stm32cube.ide.mcu.externaltools.gnu-tools-for-stm32.14.3.rel1.win32_1.0.100.202602081740/tools/bin/../lib/gcc/arm-none-eabi/14.3.1/../../../../arm-none-eabi/lib/thumb/v7e-m+fp/hard\libc_nano.a(libc_a-errno.o)
                0x080072a0                __errno
 .text.__libc_init_array
                0x080072ac       0x48 C:/ST/STM32CubeIDE_2.1.1/STM32CubeIDE/plugins/com.st.stm32cube.ide.mcu.externaltools.gnu-tools-for-stm32.14.3.rel1.win32_1.0.100.202602081740/tools/bin/../lib/gcc/arm-none-eabi/14.3.1/../../../../arm-none-eabi/lib/thumb/v7e-m+fp/hard\libc_nano.a(libc_a-init.o)
                0x080072ac                __libc_init_array
 .text.__retarget_lock_acquire_recursive
                0x080072f4        0x2 C:/ST/STM32CubeIDE_2.1.1/STM32CubeIDE/plugins/com.st.stm32cube.ide.mcu.externaltools.gnu-tools-for-stm32.14.3.rel1.win32_1.0.100.202602081740/tools/bin/../lib/gcc/arm-none-eabi/14.3.1/../../../../arm-none-eabi/lib/thumb/v7e-m+fp/hard\libc_nano.a(libc_a-lock.o)
                0x080072f4                __retarget_lock_acquire_recursive
 .text.__retarget_lock_release_recursive
                0x080072f6        0x2 C:/ST/STM32CubeIDE_2.1.1/STM32CubeIDE/plugins/com.st.stm32cube.ide.mcu.externaltools.gnu-tools-for-stm32.14.3.rel1.win32_1.0.100.202602081740/tools/bin/../lib/gcc/arm-none-eabi/14.3.1/../../../../arm-none-eabi/lib/thumb/v7e-m+fp/hard\libc_nano.a(libc_a-lock.o)
                0x080072f6                __retarget_lock_release_recursive
 .text._free_r  0x080072f8       0x94 C:/ST/STM32CubeIDE_2.1.1/STM32CubeIDE/plugins/com.st.stm32cube.ide.mcu.externaltools.gnu-tools-for-stm32.14.3.rel1.win32_1.0.100.202602081740/tools/bin/../lib/gcc/arm-none-eabi/14.3.1/../../../../arm-none-eabi/lib/thumb/v7e-m+fp/hard\libc_nano.a(libc_a-freer.o)
                0x080072f8                _free_r
 .text.sbrk_aligned
                0x0800738c       0x44 C:/ST/STM32CubeIDE_2.1.1/STM32CubeIDE/plugins/com.st.stm32cube.ide.mcu.externaltools.gnu-tools-for-stm32.14.3.rel1.win32_1.0.100.202602081740/tools/bin/../lib/gcc/arm-none-eabi/14.3.1/../../../../arm-none-eabi/lib/thumb/v7e-m+fp/hard\libc_nano.a(libc_a-mallocr.o)
 .text._malloc_r
                0x080073d0      0x100 C:/ST/STM32CubeIDE_2.1.1/STM32CubeIDE/plugins/com.st.stm32cube.ide.mcu.externaltools.gnu-tools-for-stm32.14.3.rel1.win32_1.0.100.202602081740/tools/bin/../lib/gcc/arm-none-eabi/14.3.1/../../../../arm-none-eabi/lib/thumb/v7e-m+fp/hard\libc_nano.a(libc_a-mallocr.o)
                0x080073d0                _malloc_r
 .text.__malloc_lock
                0x080074d0        0xc C:/ST/STM32CubeIDE_2.1.1/STM32CubeIDE/plugins/com.st.stm32cube.ide.mcu.externaltools.gnu-tools-for-stm32.14.3.rel1.win32_1.0.100.202602081740/tools/bin/../lib/gcc/arm-none-eabi/14.3.1/../../../../arm-none-eabi/lib/thumb/v7e-m+fp/hard\libc_nano.a(libc_a-mlock.o)
                0x080074d0                __malloc_lock
 .text.__malloc_unlock
                0x080074dc        0xc C:/ST/STM32CubeIDE_2.1.1/STM32CubeIDE/plugins/com.st.stm32cube.ide.mcu.externaltools.gnu-tools-for-stm32.14.3.rel1.win32_1.0.100.202602081740/tools/bin/../lib/gcc/arm-none-eabi/14.3.1/../../../../arm-none-eabi/lib/thumb/v7e-m+fp/hard\libc_nano.a(libc_a-mlock.o)
                0x080074dc                __malloc_unlock
 .text.__ssputs_r
                0x080074e8       0xc0 C:/ST/STM32CubeIDE_2.1.1/STM32CubeIDE/plugins/com.st.stm32cube.ide.mcu.externaltools.gnu-tools-for-stm32.14.3.rel1.win32_1.0.100.202602081740/tools/bin/../lib/gcc/arm-none-eabi/14.3.1/../../../../arm-none-eabi/lib/thumb/v7e-m+fp/hard\libc_nano.a(libc_a-nano-svfprintf.o)
                0x080074e8                __ssputs_r
 .text._svfprintf_r
                0x080075a8      0x1f0 C:/ST/STM32CubeIDE_2.1.1/STM32CubeIDE/plugins/com.st.stm32cube.ide.mcu.externaltools.gnu-tools-for-stm32.14.3.rel1.win32_1.0.100.202602081740/tools/bin/../lib/gcc/arm-none-eabi/14.3.1/../../../../arm-none-eabi/lib/thumb/v7e-m+fp/hard\libc_nano.a(libc_a-nano-svfprintf.o)
                0x080075a8                _svfiprintf_r
                0x080075a8                _svfprintf_r
 .text._printf_common
                0x08007798       0xda C:/ST/STM32CubeIDE_2.1.1/STM32CubeIDE/plugins/com.st.stm32cube.ide.mcu.externaltools.gnu-tools-for-stm32.14.3.rel1.win32_1.0.100.202602081740/tools/bin/../lib/gcc/arm-none-eabi/14.3.1/../../../../arm-none-eabi/lib/thumb/v7e-m+fp/hard\libc_nano.a(libc_a-nano-vfprintf_i.o)
                0x08007798                _printf_common
 *fill*         0x08007872        0x2 
 .text._printf_i
                0x08007874      0x24c C:/ST/STM32CubeIDE_2.1.1/STM32CubeIDE/plugins/com.st.stm32cube.ide.mcu.externaltools.gnu-tools-for-stm32.14.3.rel1.win32_1.0.100.202602081740/tools/bin/../lib/gcc/arm-none-eabi/14.3.1/../../../../arm-none-eabi/lib/thumb/v7e-m+fp/hard\libc_nano.a(libc_a-nano-vfprintf_i.o)
                0x08007874                _printf_i
 .text.memmove  0x08007ac0       0x32 C:/ST/STM32CubeIDE_2.1.1/STM32CubeIDE/plugins/com.st.stm32cube.ide.mcu.externaltools.gnu-tools-for-stm32.14.3.rel1.win32_1.0.100.202602081740/tools/bin/../lib/gcc/arm-none-eabi/14.3.1/../../../../arm-none-eabi/lib/thumb/v7e-m+fp/hard\libc_nano.a(libc_a-memmove.o)
                0x08007ac0                memmove
 *fill*         0x08007af2        0x2 
 .text._sbrk_r  0x08007af4       0x20 C:/ST/STM32CubeIDE_2.1.1/STM32CubeIDE/plugins/com.st.stm32cube.ide.mcu.externaltools.gnu-tools-for-stm32.14.3.rel1.win32_1.0.100.202602081740/tools/bin/../lib/gcc/arm-none-eabi/14.3.1/../../../../arm-none-eabi/lib/thumb/v7e-m+fp/hard\libc_nano.a(libc_a-sbrkr.o)
                0x08007af4                _sbrk_r
 .text.memcpy   0x08007b14       0x1c C:/ST/STM32CubeIDE_2.1.1/STM32CubeIDE/plugins/com.st.stm32cube.ide.mcu.externaltools.gnu-tools-for-stm32.14.3.rel1.win32_1.0.100.202602081740/tools/bin/../lib/gcc/arm-none-eabi/14.3.1/../../../../arm-none-eabi/lib/thumb/v7e-m+fp/hard\libc_nano.a(libc_a-memcpy-stub.o)
                0x08007b14                memcpy
 .text._realloc_r
                0x08007b30       0x5c C:/ST/STM32CubeIDE_2.1.1/STM32CubeIDE/plugins/com.st.stm32cube.ide.mcu.externaltools.gnu-tools-for-stm32.14.3.rel1.win32_1.0.100.202602081740/tools/bin/../lib/gcc/arm-none-eabi/14.3.1/../../../../arm-none-eabi/lib/thumb/v7e-m+fp/hard\libc_nano.a(libc_a-reallocr.o)
                0x08007b30                _realloc_r
 .text._malloc_usable_size_r
                0x08007b8c       0x10 C:/ST/STM32CubeIDE_2.1.1/STM32CubeIDE/plugins/com.st.stm32cube.ide.mcu.externaltools.gnu-tools-for-stm32.14.3.rel1.win32_1.0.100.202602081740/tools/bin/../lib/gcc/arm-none-eabi/14.3.1/../../../../arm-none-eabi/lib/thumb/v7e-m+fp/hard\libc_nano.a(libc_a-msizer.o)
                0x08007b8c                _malloc_usable_size_r
 *(.glue_7)
 .glue_7        0x08007b9c        0x0 linker stubs
 *(.glue_7t)
 .glue_7t       0x08007b9c        0x0 linker stubs
 *(.eh_frame)
 .eh_frame      0x08007b9c        0x0 C:/ST/STM32CubeIDE_2.1.1/STM32CubeIDE/plugins/com.st.stm32cube.ide.mcu.externaltools.gnu-tools-for-stm32.14.3.rel1.win32_1.0.100.202602081740/tools/bin/../lib/gcc/arm-none-eabi/14.3.1/thumb/v7e-m+fp/hard/crtbegin.o
 *(.init)
 .init          0x08007b9c        0x4 C:/ST/STM32CubeIDE_2.1.1/STM32CubeIDE/plugins/com.st.stm32cube.ide.mcu.externaltools.gnu-tools-for-stm32.14.3.rel1.win32_1.0.100.202602081740/tools/bin/../lib/gcc/arm-none-eabi/14.3.1/thumb/v7e-m+fp/hard/crti.o
                0x08007b9c                _init
 .init          0x08007ba0        0x8 C:/ST/STM32CubeIDE_2.1.1/STM32CubeIDE/plugins/com.st.stm32cube.ide.mcu.externaltools.gnu-tools-for-stm32.14.3.rel1.win32_1.0.100.202602081740/tools/bin/../lib/gcc/arm-none-eabi/14.3.1/thumb/v7e-m+fp/hard/crtn.o
 *(.fini)
 .fini          0x08007ba8        0x4 C:/ST/STM32CubeIDE_2.1.1/STM32CubeIDE/plugins/com.st.stm32cube.ide.mcu.externaltools.gnu-tools-for-stm32.14.3.rel1.win32_1.0.100.202602081740/tools/bin/../lib/gcc/arm-none-eabi/14.3.1/thumb/v7e-m+fp/hard/crti.o
                0x08007ba8                _fini
 .fini          0x08007bac        0x8 C:/ST/STM32CubeIDE_2.1.1/STM32CubeIDE/plugins/com.st.stm32cube.ide.mcu.externaltools.gnu-tools-for-stm32.14.3.rel1.win32_1.0.100.202602081740/tools/bin/../lib/gcc/arm-none-eabi/14.3.1/thumb/v7e-m+fp/hard/crtn.o
                0x08007bb4                        . = ALIGN (0x4)
                0x08007bb4                        _etext = .

.vfp11_veneer   0x08007bb4        0x0
 .vfp11_veneer  0x08007bb4        0x0 linker stubs

.v4_bx          0x08007bb4        0x0
 .v4_bx         0x08007bb4        0x0 linker stubs

.iplt           0x08007bb4        0x0
 .iplt          0x08007bb4        0x0 C:/ST/STM32CubeIDE_2.1.1/STM32CubeIDE/plugins/com.st.stm32cube.ide.mcu.externaltools.gnu-tools-for-stm32.14.3.rel1.win32_1.0.100.202602081740/tools/bin/../lib/gcc/arm-none-eabi/14.3.1/thumb/v7e-m+fp/hard/crtbegin.o

.rodata         0x08007bb4      0x17c
                0x08007bb4                        . = ALIGN (0x4)
 *(.rodata)
 .rodata        0x08007bb4      0x10a ./Core/Src/Application/communication_module.o
 *(.rodata*)
 *fill*         0x08007cbe        0x2 
 .rodata.row_addresses.0
                0x08007cc0        0x4 ./Core/Src/Application/display_i2c.o
 .rodata.AHBPrescTable
                0x08007cc4       0x10 ./Core/Src/system_stm32f3xx.o
                0x08007cc4                AHBPrescTable
 .rodata.APBPrescTable
                0x08007cd4        0x8 ./Core/Src/system_stm32f3xx.o
                0x08007cd4                APBPrescTable
 .rodata.aPLLMULFactorTable
                0x08007cdc       0x10 ./Drivers/STM32F3xx_HAL_Driver/Src/stm32f3xx_hal_rcc.o
 .rodata.aPredivFactorTable
                0x08007cec       0x10 ./Drivers/STM32F3xx_HAL_Driver/Src/stm32f3xx_hal_rcc.o
 .rodata._svfprintf_r.str1.1
                0x08007cfc       0x33 C:/ST/STM32CubeIDE_2.1.1/STM32CubeIDE/plugins/com.st.stm32cube.ide.mcu.externaltools.gnu-tools-for-stm32.14.3.rel1.win32_1.0.100.202602081740/tools/bin/../lib/gcc/arm-none-eabi/14.3.1/../../../../arm-none-eabi/lib/thumb/v7e-m+fp/hard\libc_nano.a(libc_a-nano-svfprintf.o)
                                 0x11 (size before relaxing)
 .rodata._printf_i.str1.1
                0x08007d2f       0x22 C:/ST/STM32CubeIDE_2.1.1/STM32CubeIDE/plugins/com.st.stm32cube.ide.mcu.externaltools.gnu-tools-for-stm32.14.3.rel1.win32_1.0.100.202602081740/tools/bin/../lib/gcc/arm-none-eabi/14.3.1/../../../../arm-none-eabi/lib/thumb/v7e-m+fp/hard\libc_nano.a(libc_a-nano-vfprintf_i.o)
                0x08007d54                        . = ALIGN (0x4)
 *fill*         0x08007d2f        0x1 

.ARM.extab      0x08007d30        0x0
                0x08007d30                        . = ALIGN (0x4)
 *(.ARM.extab* .gnu.linkonce.armextab.*)
                0x08007d30                        . = ALIGN (0x4)

.ARM            0x08007d30        0x8
                0x08007d30                        . = ALIGN (0x4)
                0x08007d30                        __exidx_start = .
 *(.ARM.exidx*)
 .ARM.exidx     0x08007d30        0x8 C:/ST/STM32CubeIDE_2.1.1/STM32CubeIDE/plugins/com.st.stm32cube.ide.mcu.externaltools.gnu-tools-for-stm32.14.3.rel1.win32_1.0.100.202602081740/tools/bin/../lib/gcc/arm-none-eabi/14.3.1/../../../../arm-none-eabi/lib/thumb/v7e-m+fp/hard\libc_nano.a(libc_a-memchr.o)
                0x08007d38                        __exidx_end = .
                0x08007d38                        . = ALIGN (0x4)

.preinit_array  0x08007d38        0x0
                0x08007d38                        . = ALIGN (0x4)
                0x08007d38                        PROVIDE (__preinit_array_start = .)
 *(.preinit_array*)
                0x08007d38                        PROVIDE (__preinit_array_end = .)
                0x08007d38                        . = ALIGN (0x4)

.init_array     0x08007d38        0x4
                0x08007d38                        . = ALIGN (0x4)
                0x08007d38                        PROVIDE (__init_array_start = .)
 *(SORT_BY_NAME(.init_array.*))
 *(.init_array*)
 .init_array    0x08007d38        0x4 C:/ST/STM32CubeIDE_2.1.1/STM32CubeIDE/plugins/com.st.stm32cube.ide.mcu.externaltools.gnu-tools-for-stm32.14.3.rel1.win32_1.0.100.202602081740/tools/bin/../lib/gcc/arm-none-eabi/14.3.1/thumb/v7e-m+fp/hard/crtbegin.o
                0x08007d3c                        PROVIDE (__init_array_end = .)
                0x08007d3c                        . = ALIGN (0x4)

.fini_array     0x08007d3c        0x4
                0x08007d3c                        . = ALIGN (0x4)
                [!provide]                        PROVIDE (__fini_array_start = .)
 *(SORT_BY_NAME(.fini_array.*))
 *(.fini_array*)
 .fini_array    0x08007d3c        0x4 C:/ST/STM32CubeIDE_2.1.1/STM32CubeIDE/plugins/com.st.stm32cube.ide.mcu.externaltools.gnu-tools-for-stm32.14.3.rel1.win32_1.0.100.202602081740/tools/bin/../lib/gcc/arm-none-eabi/14.3.1/thumb/v7e-m+fp/hard/crtbegin.o
                [!provide]                        PROVIDE (__fini_array_end = .)
                0x08007d40                        . = ALIGN (0x4)
                0x08007d40                        _sidata = LOADADDR (.data)

.rel.dyn        0x08007d40        0x0
 .rel.iplt      0x08007d40        0x0 C:/ST/STM32CubeIDE_2.1.1/STM32CubeIDE/plugins/com.st.stm32cube.ide.mcu.externaltools.gnu-tools-for-stm32.14.3.rel1.win32_1.0.100.202602081740/tools/bin/../lib/gcc/arm-none-eabi/14.3.1/thumb/v7e-m+fp/hard/crtbegin.o

.data           0x20000000       0x68 load address 0x08007d40
                0x20000000                        . = ALIGN (0x4)
                0x20000000                        _sdata = .
 *(.data)
 *(.data*)
 .data.display_force_update
                0x20000000        0x1 ./Core/Src/Application/communication_module.o
 .data.backlight_state
                0x20000001        0x1 ./Core/Src/Application/display_i2c.o
 *fill*         0x20000002        0x2 
 .data.joystick_adc_values
                0x20000004        0x6 ./Core/Src/Application/joystick.o
                0x20000004                joystick_adc_values
 *fill*         0x2000000a        0x2 
 .data.SystemCoreClock
                0x2000000c        0x4 ./Core/Src/system_stm32f3xx.o
                0x2000000c                SystemCoreClock
 .data.uwTickPrio
                0x20000010        0x4 ./Drivers/STM32F3xx_HAL_Driver/Src/stm32f3xx_hal.o
                0x20000010                uwTickPrio
 .data.uwTickFreq
                0x20000014        0x1 ./Drivers/STM32F3xx_HAL_Driver/Src/stm32f3xx_hal.o
                0x20000014                uwTickFreq
 *fill*         0x20000015        0x3 
 .data._impure_ptr
                0x20000018        0x4 C:/ST/STM32CubeIDE_2.1.1/STM32CubeIDE/plugins/com.st.stm32cube.ide.mcu.externaltools.gnu-tools-for-stm32.14.3.rel1.win32_1.0.100.202602081740/tools/bin/../lib/gcc/arm-none-eabi/14.3.1/../../../../arm-none-eabi/lib/thumb/v7e-m+fp/hard\libc_nano.a(libc_a-impure.o)
                0x20000018                _impure_ptr
 .data._impure_data
                0x2000001c       0x4c C:/ST/STM32CubeIDE_2.1.1/STM32CubeIDE/plugins/com.st.stm32cube.ide.mcu.externaltools.gnu-tools-for-stm32.14.3.rel1.win32_1.0.100.202602081740/tools/bin/../lib/gcc/arm-none-eabi/14.3.1/../../../../arm-none-eabi/lib/thumb/v7e-m+fp/hard\libc_nano.a(libc_a-impure.o)
                0x2000001c                _impure_data
 *(.RamFunc)
 *(.RamFunc*)
                0x20000068                        . = ALIGN (0x4)
                0x20000068                        _edata = .
                0x08007da8                        _siccmram = LOADADDR (.ccmram)

.igot.plt       0x20000068        0x0 load address 0x08007da8
 .igot.plt      0x20000068        0x0 C:/ST/STM32CubeIDE_2.1.1/STM32CubeIDE/plugins/com.st.stm32cube.ide.mcu.externaltools.gnu-tools-for-stm32.14.3.rel1.win32_1.0.100.202602081740/tools/bin/../lib/gcc/arm-none-eabi/14.3.1/thumb/v7e-m+fp/hard/crtbegin.o

.ccmram         0x10000000        0x0 load address 0x08007da8
                0x10000000                        . = ALIGN (0x4)
                0x10000000                        _sccmram = .
 *(.ccmram)
 *(.ccmram*)
                0x10000000                        . = ALIGN (0x4)
                0x10000000                        _eccmram = .
                0x10000000                        . = ALIGN (0x4)

.bss            0x20000068      0x3cc
                0x20000068                        _sbss = .
                0x20000068                        __bss_start__ = _sbss
 *(.bss)
 .bss           0x20000068       0x1c C:/ST/STM32CubeIDE_2.1.1/STM32CubeIDE/plugins/com.st.stm32cube.ide.mcu.externaltools.gnu-tools-for-stm32.14.3.rel1.win32_1.0.100.202602081740/tools/bin/../lib/gcc/arm-none-eabi/14.3.1/thumb/v7e-m+fp/hard/crtbegin.o
 *(.bss*)
 .bss.power_val_MA
                0x20000084        0x2 ./Core/Src/Application/communication_module.o
                0x20000084                power_val_MA
 .bss.power_val_MB
                0x20000086        0x2 ./Core/Src/Application/communication_module.o
                0x20000086                power_val_MB
 .bss.display_page
                0x20000088        0x1 ./Core/Src/Application/communication_module.o
 .bss.driving_mode
                0x20000089        0x1 ./Core/Src/Application/communication_module.o
 .bss.previous_button_1
                0x2000008a        0x1 ./Core/Src/Application/communication_module.o
 .bss.previous_button_2
                0x2000008b        0x1 ./Core/Src/Application/communication_module.o
 .bss.mode_message_active
                0x2000008c        0x1 ./Core/Src/Application/communication_module.o
 .bss.display_available
                0x2000008d        0x1 ./Core/Src/Application/communication_module.o
 *fill*         0x2000008e        0x2 
 .bss.last_control_time
                0x20000090        0x4 ./Core/Src/Application/communication_module.o
 .bss.last_display_time
                0x20000094        0x4 ./Core/Src/Application/communication_module.o
 .bss.mode_message_start_time
                0x20000098        0x4 ./Core/Src/Application/communication_module.o
 .bss.last_mode_button_time
                0x2000009c        0x4 ./Core/Src/Application/communication_module.o
 .bss.rotation_button_ready
                0x200000a0        0x1 ./Core/Src/Application/communication_module.o
 *fill*         0x200000a1        0x3 
 .bss.display_i2c
                0x200000a4        0x4 ./Core/Src/Application/display_i2c.o
 .bss.con_x     0x200000a8        0x2 ./Core/Src/Application/joystick.o
                0x200000a8                con_x
 .bss.con_y     0x200000aa        0x2 ./Core/Src/Application/joystick.o
                0x200000aa                con_y
 .bss.con_z     0x200000ac        0x2 ./Core/Src/Application/joystick.o
                0x200000ac                con_z
 .bss.joystick_button_1
                0x200000ae        0x1 ./Core/Src/Application/joystick.o
                0x200000ae                joystick_button_1
 .bss.joystick_button_2
                0x200000af        0x1 ./Core/Src/Application/joystick.o
                0x200000af                joystick_button_2
 .bss.rec_buffer_A
                0x200000b0        0x5 ./Core/Src/Application/motor_rs485.o
                0x200000b0                rec_buffer_A
 *fill*         0x200000b5        0x3 
 .bss.rec_buffer_B
                0x200000b8        0x5 ./Core/Src/Application/motor_rs485.o
                0x200000b8                rec_buffer_B
 .bss.receive_byte_A
                0x200000bd        0x1 ./Core/Src/Application/motor_rs485.o
 .bss.receive_byte_B
                0x200000be        0x1 ./Core/Src/Application/motor_rs485.o
 .bss.UARTA_i   0x200000bf        0x1 ./Core/Src/Application/motor_rs485.o
                0x200000bf                UARTA_i
 .bss.UARTB_i   0x200000c0        0x1 ./Core/Src/Application/motor_rs485.o
                0x200000c0                UARTB_i
 .bss.frame_ready_A
                0x200000c1        0x1 ./Core/Src/Application/motor_rs485.o
                0x200000c1                frame_ready_A
 .bss.frame_ready_B
                0x200000c2        0x1 ./Core/Src/Application/motor_rs485.o
                0x200000c2                frame_ready_B
 *fill*         0x200000c3        0x1 
 .bss.motor_speed_A
                0x200000c4        0x2 ./Core/Src/Application/motor_rs485.o
                0x200000c4                motor_speed_A
 .bss.motor_power_A
                0x200000c6        0x2 ./Core/Src/Application/motor_rs485.o
                0x200000c6                motor_power_A
 .bss.battery_voltage_A
                0x200000c8        0x2 ./Core/Src/Application/motor_rs485.o
                0x200000c8                battery_voltage_A
 .bss.battery_capacity_A
                0x200000ca        0x1 ./Core/Src/Application/motor_rs485.o
                0x200000ca                battery_capacity_A
 *fill*         0x200000cb        0x1 
 .bss.gps_speed_A
                0x200000cc        0x2 ./Core/Src/Application/motor_rs485.o
                0x200000cc                gps_speed_A
 .bss.motor_temperature_A
                0x200000ce        0x2 ./Core/Src/Application/motor_rs485.o
                0x200000ce                motor_temperature_A
 .bss.motor_speed_B
                0x200000d0        0x2 ./Core/Src/Application/motor_rs485.o
                0x200000d0                motor_speed_B
 .bss.motor_power_B
                0x200000d2        0x2 ./Core/Src/Application/motor_rs485.o
                0x200000d2                motor_power_B
 .bss.battery_voltage_B
                0x200000d4        0x2 ./Core/Src/Application/motor_rs485.o
                0x200000d4                battery_voltage_B
 .bss.battery_capacity_B
                0x200000d6        0x1 ./Core/Src/Application/motor_rs485.o
                0x200000d6                battery_capacity_B
 *fill*         0x200000d7        0x1 
 .bss.gps_speed_B
                0x200000d8        0x2 ./Core/Src/Application/motor_rs485.o
                0x200000d8                gps_speed_B
 .bss.motor_temperature_B
                0x200000da        0x2 ./Core/Src/Application/motor_rs485.o
                0x200000da                motor_temperature_B
 .bss.valid_frames_A
                0x200000dc        0x4 ./Core/Src/Application/motor_rs485.o
                0x200000dc                valid_frames_A
 .bss.valid_frames_B
                0x200000e0        0x4 ./Core/Src/Application/motor_rs485.o
                0x200000e0                valid_frames_B
 .bss.checksum_errors_A
                0x200000e4        0x4 ./Core/Src/Application/motor_rs485.o
                0x200000e4                checksum_errors_A
 .bss.checksum_errors_B
                0x200000e8        0x4 ./Core/Src/Application/motor_rs485.o
                0x200000e8                checksum_errors_B
 .bss.hadc4     0x200000ec       0x50 ./Core/Src/adc.o
                0x200000ec                hadc4
 .bss.hdma_adc4
                0x2000013c       0x44 ./Core/Src/adc.o
                0x2000013c                hdma_adc4
 .bss.hi2c1     0x20000180       0x54 ./Core/Src/i2c.o
                0x20000180                hi2c1
 .bss.__sbrk_heap_end
                0x200001d4        0x4 ./Core/Src/sysmem.o
 .bss.huart1    0x200001d8       0x88 ./Core/Src/usart.o
                0x200001d8                huart1
 .bss.huart3    0x20000260       0x88 ./Core/Src/usart.o
                0x20000260                huart3
 .bss.uwTick    0x200002e8        0x4 ./Drivers/STM32F3xx_HAL_Driver/Src/stm32f3xx_hal.o
                0x200002e8                uwTick
 .bss.__sf      0x200002ec      0x138 C:/ST/STM32CubeIDE_2.1.1/STM32CubeIDE/plugins/com.st.stm32cube.ide.mcu.externaltools.gnu-tools-for-stm32.14.3.rel1.win32_1.0.100.202602081740/tools/bin/../lib/gcc/arm-none-eabi/14.3.1/../../../../arm-none-eabi/lib/thumb/v7e-m+fp/hard\libc_nano.a(libc_a-findfp.o)
                0x200002ec                __sf
 .bss.errno     0x20000424        0x4 C:/ST/STM32CubeIDE_2.1.1/STM32CubeIDE/plugins/com.st.stm32cube.ide.mcu.externaltools.gnu-tools-for-stm32.14.3.rel1.win32_1.0.100.202602081740/tools/bin/../lib/gcc/arm-none-eabi/14.3.1/../../../../arm-none-eabi/lib/thumb/v7e-m+fp/hard\libc_nano.a(libc_a-reent.o)
                0x20000424                errno
 .bss.__lock___malloc_recursive_mutex
                0x20000428        0x1 C:/ST/STM32CubeIDE_2.1.1/STM32CubeIDE/plugins/com.st.stm32cube.ide.mcu.externaltools.gnu-tools-for-stm32.14.3.rel1.win32_1.0.100.202602081740/tools/bin/../lib/gcc/arm-none-eabi/14.3.1/../../../../arm-none-eabi/lib/thumb/v7e-m+fp/hard\libc_nano.a(libc_a-lock.o)
                0x20000428                __lock___malloc_recursive_mutex
 *fill*         0x20000429        0x3 
 .bss.__malloc_sbrk_start
                0x2000042c        0x4 C:/ST/STM32CubeIDE_2.1.1/STM32CubeIDE/plugins/com.st.stm32cube.ide.mcu.externaltools.gnu-tools-for-stm32.14.3.rel1.win32_1.0.100.202602081740/tools/bin/../lib/gcc/arm-none-eabi/14.3.1/../../../../arm-none-eabi/lib/thumb/v7e-m+fp/hard\libc_nano.a(libc_a-mallocr.o)
                0x2000042c                __malloc_sbrk_start
 .bss.__malloc_free_list
                0x20000430        0x4 C:/ST/STM32CubeIDE_2.1.1/STM32CubeIDE/plugins/com.st.stm32cube.ide.mcu.externaltools.gnu-tools-for-stm32.14.3.rel1.win32_1.0.100.202602081740/tools/bin/../lib/gcc/arm-none-eabi/14.3.1/../../../../arm-none-eabi/lib/thumb/v7e-m+fp/hard\libc_nano.a(libc_a-mallocr.o)
                0x20000430                __malloc_free_list
 *(COMMON)
                0x20000434                        . = ALIGN (0x4)
                0x20000434                        _ebss = .
                0x20000434                        __bss_end__ = _ebss

._user_heap_stack
                0x20000434      0x604
                0x20000438                        . = ALIGN (0x8)
 *fill*         0x20000434        0x4 
                [!provide]                        PROVIDE (end = .)
                0x20000438                        PROVIDE (_end = .)
                0x20000638                        . = (. + _Min_Heap_Size)
 *fill*         0x20000438      0x200 
                0x20000a38                        . = (. + _Min_Stack_Size)
 *fill*         0x20000638      0x400 
                0x20000a38                        . = ALIGN (0x8)

/DISCARD/
 libc.a(*)
 libm.a(*)
 libgcc.a(*)

.ARM.attributes
                0x00000000       0x30
 *(.ARM.attributes)
 .ARM.attributes
                0x00000000       0x22 C:/ST/STM32CubeIDE_2.1.1/STM32CubeIDE/plugins/com.st.stm32cube.ide.mcu.externaltools.gnu-tools-for-stm32.14.3.rel1.win32_1.0.100.202602081740/tools/bin/../lib/gcc/arm-none-eabi/14.3.1/thumb/v7e-m+fp/hard/crti.o
 .ARM.attributes
                0x00000022       0x34 C:/ST/STM32CubeIDE_2.1.1/STM32CubeIDE/plugins/com.st.stm32cube.ide.mcu.externaltools.gnu-tools-for-stm32.14.3.rel1.win32_1.0.100.202602081740/tools/bin/../lib/gcc/arm-none-eabi/14.3.1/thumb/v7e-m+fp/hard/crtbegin.o
 .ARM.attributes
                0x00000056       0x34 ./Core/Src/Application/communication_module.o
 .ARM.attributes
                0x0000008a       0x34 ./Core/Src/Application/display_i2c.o
 .ARM.attributes
                0x000000be       0x34 ./Core/Src/Application/joystick.o
 .ARM.attributes
                0x000000f2       0x34 ./Core/Src/Application/motor_rs485.o
 .ARM.attributes
                0x00000126       0x34 ./Core/Src/adc.o
 .ARM.attributes
                0x0000015a       0x34 ./Core/Src/dma.o
 .ARM.attributes
                0x0000018e       0x34 ./Core/Src/gpio.o
 .ARM.attributes
                0x000001c2       0x34 ./Core/Src/i2c.o
 .ARM.attributes
                0x000001f6       0x34 ./Core/Src/main.o
 .ARM.attributes
                0x0000022a       0x34 ./Core/Src/stm32f3xx_hal_msp.o
 .ARM.attributes
                0x0000025e       0x34 ./Core/Src/stm32f3xx_it.o
 .ARM.attributes
                0x00000292       0x34 ./Core/Src/sysmem.o
 .ARM.attributes
                0x000002c6       0x34 ./Core/Src/system_stm32f3xx.o
 .ARM.attributes
                0x000002fa       0x34 ./Core/Src/usart.o
 .ARM.attributes
                0x0000032e       0x21 ./Core/Startup/startup_stm32f303retx.o
 .ARM.attributes
                0x0000034f       0x34 ./Drivers/STM32F3xx_HAL_Driver/Src/stm32f3xx_hal.o
 .ARM.attributes
                0x00000383       0x34 ./Drivers/STM32F3xx_HAL_Driver/Src/stm32f3xx_hal_adc.o
 .ARM.attributes
                0x000003b7       0x34 ./Drivers/STM32F3xx_HAL_Driver/Src/stm32f3xx_hal_adc_ex.o
 .ARM.attributes
                0x000003eb       0x34 ./Drivers/STM32F3xx_HAL_Driver/Src/stm32f3xx_hal_cortex.o
 .ARM.attributes
                0x0000041f       0x34 ./Drivers/STM32F3xx_HAL_Driver/Src/stm32f3xx_hal_dma.o
 .ARM.attributes
                0x00000453       0x34 ./Drivers/STM32F3xx_HAL_Driver/Src/stm32f3xx_hal_gpio.o
 .ARM.attributes
                0x00000487       0x34 ./Drivers/STM32F3xx_HAL_Driver/Src/stm32f3xx_hal_i2c.o
 .ARM.attributes
                0x000004bb       0x34 ./Drivers/STM32F3xx_HAL_Driver/Src/stm32f3xx_hal_i2c_ex.o
 .ARM.attributes
                0x000004ef       0x34 ./Drivers/STM32F3xx_HAL_Driver/Src/stm32f3xx_hal_rcc.o
 .ARM.attributes
                0x00000523       0x34 ./Drivers/STM32F3xx_HAL_Driver/Src/stm32f3xx_hal_rcc_ex.o
 .ARM.attributes
                0x00000557       0x34 ./Drivers/STM32F3xx_HAL_Driver/Src/stm32f3xx_hal_uart.o
 .ARM.attributes
                0x0000058b       0x34 ./Drivers/STM32F3xx_HAL_Driver/Src/stm32f3xx_hal_uart_ex.o
 .ARM.attributes
                0x000005bf       0x34 C:/ST/STM32CubeIDE_2.1.1/STM32CubeIDE/plugins/com.st.stm32cube.ide.mcu.externaltools.gnu-tools-for-stm32.14.3.rel1.win32_1.0.100.202602081740/tools/bin/../lib/gcc/arm-none-eabi/14.3.1/../../../../arm-none-eabi/lib/thumb/v7e-m+fp/hard\libc_nano.a(libc_a-findfp.o)
 .ARM.attributes
                0x000005f3       0x34 C:/ST/STM32CubeIDE_2.1.1/STM32CubeIDE/plugins/com.st.stm32cube.ide.mcu.externaltools.gnu-tools-for-stm32.14.3.rel1.win32_1.0.100.202602081740/tools/bin/../lib/gcc/arm-none-eabi/14.3.1/../../../../arm-none-eabi/lib/thumb/v7e-m+fp/hard\libc_nano.a(libc_a-snprintf.o)
 .ARM.attributes
                0x00000627       0x34 C:/ST/STM32CubeIDE_2.1.1/STM32CubeIDE/plugins/com.st.stm32cube.ide.mcu.externaltools.gnu-tools-for-stm32.14.3.rel1.win32_1.0.100.202602081740/tools/bin/../lib/gcc/arm-none-eabi/14.3.1/../../../../arm-none-eabi/lib/thumb/v7e-m+fp/hard\libc_nano.a(libc_a-memset.o)
 .ARM.attributes
                0x0000065b       0x34 C:/ST/STM32CubeIDE_2.1.1/STM32CubeIDE/plugins/com.st.stm32cube.ide.mcu.externaltools.gnu-tools-for-stm32.14.3.rel1.win32_1.0.100.202602081740/tools/bin/../lib/gcc/arm-none-eabi/14.3.1/../../../../arm-none-eabi/lib/thumb/v7e-m+fp/hard\libc_nano.a(libc_a-reent.o)
 .ARM.attributes
                0x0000068f       0x34 C:/ST/STM32CubeIDE_2.1.1/STM32CubeIDE/plugins/com.st.stm32cube.ide.mcu.externaltools.gnu-tools-for-stm32.14.3.rel1.win32_1.0.100.202602081740/tools/bin/../lib/gcc/arm-none-eabi/14.3.1/../../../../arm-none-eabi/lib/thumb/v7e-m+fp/hard\libc_nano.a(libc_a-impure.o)
 .ARM.attributes
                0x000006c3       0x34 C:/ST/STM32CubeIDE_2.1.1/STM32CubeIDE/plugins/com.st.stm32cube.ide.mcu.externaltools.gnu-tools-for-stm32.14.3.rel1.win32_1.0.100.202602081740/tools/bin/../lib/gcc/arm-none-eabi/14.3.1/../../../../arm-none-eabi/lib/thumb/v7e-m+fp/hard\libc_nano.a(libc_a-errno.o)
 .ARM.attributes
                0x000006f7       0x34 C:/ST/STM32CubeIDE_2.1.1/STM32CubeIDE/plugins/com.st.stm32cube.ide.mcu.externaltools.gnu-tools-for-stm32.14.3.rel1.win32_1.0.100.202602081740/tools/bin/../lib/gcc/arm-none-eabi/14.3.1/../../../../arm-none-eabi/lib/thumb/v7e-m+fp/hard\libc_nano.a(libc_a-init.o)
 .ARM.attributes
                0x0000072b       0x34 C:/ST/STM32CubeIDE_2.1.1/STM32CubeIDE/plugins/com.st.stm32cube.ide.mcu.externaltools.gnu-tools-for-stm32.14.3.rel1.win32_1.0.100.202602081740/tools/bin/../lib/gcc/arm-none-eabi/14.3.1/../../../../arm-none-eabi/lib/thumb/v7e-m+fp/hard\libc_nano.a(libc_a-lock.o)
 .ARM.attributes
                0x0000075f       0x34 C:/ST/STM32CubeIDE_2.1.1/STM32CubeIDE/plugins/com.st.stm32cube.ide.mcu.externaltools.gnu-tools-for-stm32.14.3.rel1.win32_1.0.100.202602081740/tools/bin/../lib/gcc/arm-none-eabi/14.3.1/../../../../arm-none-eabi/lib/thumb/v7e-m+fp/hard\libc_nano.a(libc_a-freer.o)
 .ARM.attributes
                0x00000793       0x34 C:/ST/STM32CubeIDE_2.1.1/STM32CubeIDE/plugins/com.st.stm32cube.ide.mcu.externaltools.gnu-tools-for-stm32.14.3.rel1.win32_1.0.100.202602081740/tools/bin/../lib/gcc/arm-none-eabi/14.3.1/../../../../arm-none-eabi/lib/thumb/v7e-m+fp/hard\libc_nano.a(libc_a-mallocr.o)
 .ARM.attributes
                0x000007c7       0x34 C:/ST/STM32CubeIDE_2.1.1/STM32CubeIDE/plugins/com.st.stm32cube.ide.mcu.externaltools.gnu-tools-for-stm32.14.3.rel1.win32_1.0.100.202602081740/tools/bin/../lib/gcc/arm-none-eabi/14.3.1/../../../../arm-none-eabi/lib/thumb/v7e-m+fp/hard\libc_nano.a(libc_a-mlock.o)
 .ARM.attributes
                0x000007fb       0x34 C:/ST/STM32CubeIDE_2.1.1/STM32CubeIDE/plugins/com.st.stm32cube.ide.mcu.externaltools.gnu-tools-for-stm32.14.3.rel1.win32_1.0.100.202602081740/tools/bin/../lib/gcc/arm-none-eabi/14.3.1/../../../../arm-none-eabi/lib/thumb/v7e-m+fp/hard\libc_nano.a(libc_a-nano-svfprintf.o)
 .ARM.attributes
                0x0000082f       0x34 C:/ST/STM32CubeIDE_2.1.1/STM32CubeIDE/plugins/com.st.stm32cube.ide.mcu.externaltools.gnu-tools-for-stm32.14.3.rel1.win32_1.0.100.202602081740/tools/bin/../lib/gcc/arm-none-eabi/14.3.1/../../../../arm-none-eabi/lib/thumb/v7e-m+fp/hard\libc_nano.a(libc_a-nano-vfprintf_i.o)
 .ARM.attributes
                0x00000863       0x34 C:/ST/STM32CubeIDE_2.1.1/STM32CubeIDE/plugins/com.st.stm32cube.ide.mcu.externaltools.gnu-tools-for-stm32.14.3.rel1.win32_1.0.100.202602081740/tools/bin/../lib/gcc/arm-none-eabi/14.3.1/../../../../arm-none-eabi/lib/thumb/v7e-m+fp/hard\libc_nano.a(libc_a-memmove.o)
 .ARM.attributes
                0x00000897       0x34 C:/ST/STM32CubeIDE_2.1.1/STM32CubeIDE/plugins/com.st.stm32cube.ide.mcu.externaltools.gnu-tools-for-stm32.14.3.rel1.win32_1.0.100.202602081740/tools/bin/../lib/gcc/arm-none-eabi/14.3.1/../../../../arm-none-eabi/lib/thumb/v7e-m+fp/hard\libc_nano.a(libc_a-sbrkr.o)
 .ARM.attributes
                0x000008cb       0x1c C:/ST/STM32CubeIDE_2.1.1/STM32CubeIDE/plugins/com.st.stm32cube.ide.mcu.externaltools.gnu-tools-for-stm32.14.3.rel1.win32_1.0.100.202602081740/tools/bin/../lib/gcc/arm-none-eabi/14.3.1/../../../../arm-none-eabi/lib/thumb/v7e-m+fp/hard\libc_nano.a(libc_a-memchr.o)
 .ARM.attributes
                0x000008e7       0x34 C:/ST/STM32CubeIDE_2.1.1/STM32CubeIDE/plugins/com.st.stm32cube.ide.mcu.externaltools.gnu-tools-for-stm32.14.3.rel1.win32_1.0.100.202602081740/tools/bin/../lib/gcc/arm-none-eabi/14.3.1/../../../../arm-none-eabi/lib/thumb/v7e-m+fp/hard\libc_nano.a(libc_a-memcpy-stub.o)
 .ARM.attributes
                0x0000091b       0x34 C:/ST/STM32CubeIDE_2.1.1/STM32CubeIDE/plugins/com.st.stm32cube.ide.mcu.externaltools.gnu-tools-for-stm32.14.3.rel1.win32_1.0.100.202602081740/tools/bin/../lib/gcc/arm-none-eabi/14.3.1/../../../../arm-none-eabi/lib/thumb/v7e-m+fp/hard\libc_nano.a(libc_a-reallocr.o)
 .ARM.attributes
                0x0000094f       0x34 C:/ST/STM32CubeIDE_2.1.1/STM32CubeIDE/plugins/com.st.stm32cube.ide.mcu.externaltools.gnu-tools-for-stm32.14.3.rel1.win32_1.0.100.202602081740/tools/bin/../lib/gcc/arm-none-eabi/14.3.1/../../../../arm-none-eabi/lib/thumb/v7e-m+fp/hard\libc_nano.a(libc_a-msizer.o)
 .ARM.attributes
                0x00000983       0x22 C:/ST/STM32CubeIDE_2.1.1/STM32CubeIDE/plugins/com.st.stm32cube.ide.mcu.externaltools.gnu-tools-for-stm32.14.3.rel1.win32_1.0.100.202602081740/tools/bin/../lib/gcc/arm-none-eabi/14.3.1/thumb/v7e-m+fp/hard/crtn.o
OUTPUT(Software_Joystick_Modul.elf elf32-littlearm)
LOAD linker stubs
LOAD C:/ST/STM32CubeIDE_2.1.1/STM32CubeIDE/plugins/com.st.stm32cube.ide.mcu.externaltools.gnu-tools-for-stm32.14.3.rel1.win32_1.0.100.202602081740/tools/bin/../lib/gcc/arm-none-eabi/14.3.1/../../../../arm-none-eabi/lib/thumb/v7e-m+fp/hard\libc.a
LOAD C:/ST/STM32CubeIDE_2.1.1/STM32CubeIDE/plugins/com.st.stm32cube.ide.mcu.externaltools.gnu-tools-for-stm32.14.3.rel1.win32_1.0.100.202602081740/tools/bin/../lib/gcc/arm-none-eabi/14.3.1/../../../../arm-none-eabi/lib/thumb/v7e-m+fp/hard\libm.a
LOAD C:/ST/STM32CubeIDE_2.1.1/STM32CubeIDE/plugins/com.st.stm32cube.ide.mcu.externaltools.gnu-tools-for-stm32.14.3.rel1.win32_1.0.100.202602081740/tools/bin/../lib/gcc/arm-none-eabi/14.3.1/thumb/v7e-m+fp/hard\libgcc.a

.debug_info     0x00000000    0x13bd2
 .debug_info    0x00000000      0xd83 ./Core/Src/Application/communication_module.o
 .debug_info    0x00000d83      0x8fd ./Core/Src/Application/display_i2c.o
 .debug_info    0x00001680      0xb9b ./Core/Src/Application/joystick.o
 .debug_info    0x0000221b      0xd50 ./Core/Src/Application/motor_rs485.o
 .debug_info    0x00002f6b      0xa3c ./Core/Src/adc.o
 .debug_info    0x000039a7      0x39e ./Core/Src/dma.o
 .debug_info    0x00003d45      0x33d ./Core/Src/gpio.o
 .debug_info    0x00004082      0x8b4 ./Core/Src/i2c.o
 .debug_info    0x00004936      0xa73 ./Core/Src/main.o
 .debug_info    0x000053a9      0x18d ./Core/Src/stm32f3xx_hal_msp.o
 .debug_info    0x00005536      0x734 ./Core/Src/stm32f3xx_it.o
 .debug_info    0x00005c6a      0x168 ./Core/Src/sysmem.o
 .debug_info    0x00005dd2      0x407 ./Core/Src/system_stm32f3xx.o
 .debug_info    0x000061d9      0xbca ./Core/Src/usart.o
 .debug_info    0x00006da3       0x30 ./Core/Startup/startup_stm32f303retx.o
 .debug_info    0x00006dd3      0x804 ./Drivers/STM32F3xx_HAL_Driver/Src/stm32f3xx_hal.o
 .debug_info    0x000075d7      0xb32 ./Drivers/STM32F3xx_HAL_Driver/Src/stm32f3xx_hal_adc.o
 .debug_info    0x00008109     0x15b2 ./Drivers/STM32F3xx_HAL_Driver/Src/stm32f3xx_hal_adc_ex.o
 .debug_info    0x000096bb      0xd14 ./Drivers/STM32F3xx_HAL_Driver/Src/stm32f3xx_hal_cortex.o
 .debug_info    0x0000a3cf      0x6e1 ./Drivers/STM32F3xx_HAL_Driver/Src/stm32f3xx_hal_dma.o
 .debug_info    0x0000aab0      0x6a6 ./Drivers/STM32F3xx_HAL_Driver/Src/stm32f3xx_hal_gpio.o
 .debug_info    0x0000b156     0x20c3 ./Drivers/STM32F3xx_HAL_Driver/Src/stm32f3xx_hal_i2c.o
 .debug_info    0x0000d219      0x8c0 ./Drivers/STM32F3xx_HAL_Driver/Src/stm32f3xx_hal_i2c_ex.o
 .debug_info    0x0000dad9     0x149a ./Drivers/STM32F3xx_HAL_Driver/Src/stm32f3xx_hal_rcc.o
 .debug_info    0x0000ef73      0x61b ./Drivers/STM32F3xx_HAL_Driver/Src/stm32f3xx_hal_rcc_ex.o
 .debug_info    0x0000f58e     0x39a8 ./Drivers/STM32F3xx_HAL_Driver/Src/stm32f3xx_hal_uart.o
 .debug_info    0x00012f36      0xc9c ./Drivers/STM32F3xx_HAL_Driver/Src/stm32f3xx_hal_uart_ex.o

.debug_abbrev   0x00000000     0x347a
 .debug_abbrev  0x00000000      0x2de ./Core/Src/Application/communication_module.o
 .debug_abbrev  0x000002de      0x237 ./Core/Src/Application/display_i2c.o
 .debug_abbrev  0x00000515      0x20d ./Core/Src/Application/joystick.o
 .debug_abbrev  0x00000722      0x2b4 ./Core/Src/Application/motor_rs485.o
 .debug_abbrev  0x000009d6      0x21a ./Core/Src/adc.o
 .debug_abbrev  0x00000bf0       0xfa ./Core/Src/dma.o
 .debug_abbrev  0x00000cea      0x151 ./Core/Src/gpio.o
 .debug_abbrev  0x00000e3b      0x214 ./Core/Src/i2c.o
 .debug_abbrev  0x0000104f      0x204 ./Core/Src/main.o
 .debug_abbrev  0x00001253       0xc6 ./Core/Src/stm32f3xx_hal_msp.o
 .debug_abbrev  0x00001319      0x175 ./Core/Src/stm32f3xx_it.o
 .debug_abbrev  0x0000148e       0xbc ./Core/Src/sysmem.o
 .debug_abbrev  0x0000154a      0x11a ./Core/Src/system_stm32f3xx.o
 .debug_abbrev  0x00001664      0x201 ./Core/Src/usart.o
 .debug_abbrev  0x00001865       0x24 ./Core/Startup/startup_stm32f303retx.o
 .debug_abbrev  0x00001889      0x215 ./Drivers/STM32F3xx_HAL_Driver/Src/stm32f3xx_hal.o
 .debug_abbrev  0x00001a9e      0x186 ./Drivers/STM32F3xx_HAL_Driver/Src/stm32f3xx_hal_adc.o
 .debug_abbrev  0x00001c24      0x28e ./Drivers/STM32F3xx_HAL_Driver/Src/stm32f3xx_hal_adc_ex.o
 .debug_abbrev  0x00001eb2      0x31e ./Drivers/STM32F3xx_HAL_Driver/Src/stm32f3xx_hal_cortex.o
 .debug_abbrev  0x000021d0      0x20d ./Drivers/STM32F3xx_HAL_Driver/Src/stm32f3xx_hal_dma.o
 .debug_abbrev  0x000023dd      0x1ca ./Drivers/STM32F3xx_HAL_Driver/Src/stm32f3xx_hal_gpio.o
 .debug_abbrev  0x000025a7      0x260 ./Drivers/STM32F3xx_HAL_Driver/Src/stm32f3xx_hal_i2c.o
 .debug_abbrev  0x00002807      0x1c2 ./Drivers/STM32F3xx_HAL_Driver/Src/stm32f3xx_hal_i2c_ex.o
 .debug_abbrev  0x000029c9      0x300 ./Drivers/STM32F3xx_HAL_Driver/Src/stm32f3xx_hal_rcc.o
 .debug_abbrev  0x00002cc9      0x221 ./Drivers/STM32F3xx_HAL_Driver/Src/stm32f3xx_hal_rcc_ex.o
 .debug_abbrev  0x00002eea      0x2d1 ./Drivers/STM32F3xx_HAL_Driver/Src/stm32f3xx_hal_uart.o
 .debug_abbrev  0x000031bb      0x2bf ./Drivers/STM32F3xx_HAL_Driver/Src/stm32f3xx_hal_uart_ex.o

.debug_aranges  0x00000000      0xf38
 .debug_aranges
                0x00000000       0x70 ./Core/Src/Application/communication_module.o
 .debug_aranges
                0x00000070       0x70 ./Core/Src/Application/display_i2c.o
 .debug_aranges
                0x000000e0       0x30 ./Core/Src/Application/joystick.o
 .debug_aranges
                0x00000110       0xb0 ./Core/Src/Application/motor_rs485.o
 .debug_aranges
                0x000001c0       0x30 ./Core/Src/adc.o
 .debug_aranges
                0x000001f0       0x20 ./Core/Src/dma.o
 .debug_aranges
                0x00000210       0x20 ./Core/Src/gpio.o
 .debug_aranges
                0x00000230       0x30 ./Core/Src/i2c.o
 .debug_aranges
                0x00000260       0x40 ./Core/Src/main.o
 .debug_aranges
                0x000002a0       0x20 ./Core/Src/stm32f3xx_hal_msp.o
 .debug_aranges
                0x000002c0       0x78 ./Core/Src/stm32f3xx_it.o
 .debug_aranges
                0x00000338       0x20 ./Core/Src/sysmem.o
 .debug_aranges
                0x00000358       0x28 ./Core/Src/system_stm32f3xx.o
 .debug_aranges
                0x00000380       0x38 ./Core/Src/usart.o
 .debug_aranges
                0x000003b8       0x28 ./Core/Startup/startup_stm32f303retx.o
 .debug_aranges
                0x000003e0       0xe0 ./Drivers/STM32F3xx_HAL_Driver/Src/stm32f3xx_hal.o
 .debug_aranges
                0x000004c0       0xc8 ./Drivers/STM32F3xx_HAL_Driver/Src/stm32f3xx_hal_adc.o
 .debug_aranges
                0x00000588      0x168 ./Drivers/STM32F3xx_HAL_Driver/Src/stm32f3xx_hal_adc_ex.o
 .debug_aranges
                0x000006f0      0x128 ./Drivers/STM32F3xx_HAL_Driver/Src/stm32f3xx_hal_cortex.o
 .debug_aranges
                0x00000818       0x88 ./Drivers/STM32F3xx_HAL_Driver/Src/stm32f3xx_hal_dma.o
 .debug_aranges
                0x000008a0       0x58 ./Drivers/STM32F3xx_HAL_Driver/Src/stm32f3xx_hal_gpio.o
 .debug_aranges
                0x000008f8      0x2a0 ./Drivers/STM32F3xx_HAL_Driver/Src/stm32f3xx_hal_i2c.o
 .debug_aranges
                0x00000b98       0x48 ./Drivers/STM32F3xx_HAL_Driver/Src/stm32f3xx_hal_i2c_ex.o
 .debug_aranges
                0x00000be0       0x88 ./Drivers/STM32F3xx_HAL_Driver/Src/stm32f3xx_hal_rcc.o
 .debug_aranges
                0x00000c68       0x38 ./Drivers/STM32F3xx_HAL_Driver/Src/stm32f3xx_hal_rcc_ex.o
 .debug_aranges
                0x00000ca0      0x228 ./Drivers/STM32F3xx_HAL_Driver/Src/stm32f3xx_hal_uart.o
 .debug_aranges
                0x00000ec8       0x70 ./Drivers/STM32F3xx_HAL_Driver/Src/stm32f3xx_hal_uart_ex.o

.debug_rnglists
                0x00000000      0xba7
 .debug_rnglists
                0x00000000       0x55 ./Core/Src/Application/communication_module.o
 .debug_rnglists
                0x00000055       0x51 ./Core/Src/Application/display_i2c.o
 .debug_rnglists
                0x000000a6       0x21 ./Core/Src/Application/joystick.o
 .debug_rnglists
                0x000000c7       0x81 ./Core/Src/Application/motor_rs485.o
 .debug_rnglists
                0x00000148       0x21 ./Core/Src/adc.o
 .debug_rnglists
                0x00000169       0x13 ./Core/Src/dma.o
 .debug_rnglists
                0x0000017c       0x14 ./Core/Src/gpio.o
 .debug_rnglists
                0x00000190       0x21 ./Core/Src/i2c.o
 .debug_rnglists
                0x000001b1       0x2c ./Core/Src/main.o
 .debug_rnglists
                0x000001dd       0x13 ./Core/Src/stm32f3xx_hal_msp.o
 .debug_rnglists
                0x000001f0       0x55 ./Core/Src/stm32f3xx_it.o
 .debug_rnglists
                0x00000245       0x13 ./Core/Src/sysmem.o
 .debug_rnglists
                0x00000258       0x1a ./Core/Src/system_stm32f3xx.o
 .debug_rnglists
                0x00000272       0x26 ./Core/Src/usart.o
 .debug_rnglists
                0x00000298       0x19 ./Core/Startup/startup_stm32f303retx.o
 .debug_rnglists
                0x000002b1       0xa3 ./Drivers/STM32F3xx_HAL_Driver/Src/stm32f3xx_hal.o
 .debug_rnglists
                0x00000354       0x91 ./Drivers/STM32F3xx_HAL_Driver/Src/stm32f3xx_hal_adc.o
 .debug_rnglists
                0x000003e5      0x126 ./Drivers/STM32F3xx_HAL_Driver/Src/stm32f3xx_hal_adc_ex.o
 .debug_rnglists
                0x0000050b       0xda ./Drivers/STM32F3xx_HAL_Driver/Src/stm32f3xx_hal_cortex.o
 .debug_rnglists
                0x000005e5       0x69 ./Drivers/STM32F3xx_HAL_Driver/Src/stm32f3xx_hal_dma.o
 .debug_rnglists
                0x0000064e       0x3f ./Drivers/STM32F3xx_HAL_Driver/Src/stm32f3xx_hal_gpio.o
 .debug_rnglists
                0x0000068d      0x228 ./Drivers/STM32F3xx_HAL_Driver/Src/stm32f3xx_hal_i2c.o
 .debug_rnglists
                0x000008b5       0x35 ./Drivers/STM32F3xx_HAL_Driver/Src/stm32f3xx_hal_i2c_ex.o
 .debug_rnglists
                0x000008ea       0x66 ./Drivers/STM32F3xx_HAL_Driver/Src/stm32f3xx_hal_rcc.o
 .debug_rnglists
                0x00000950       0x29 ./Drivers/STM32F3xx_HAL_Driver/Src/stm32f3xx_hal_rcc_ex.o
 .debug_rnglists
                0x00000979      0x1da ./Drivers/STM32F3xx_HAL_Driver/Src/stm32f3xx_hal_uart.o
 .debug_rnglists
                0x00000b53       0x54 ./Drivers/STM32F3xx_HAL_Driver/Src/stm32f3xx_hal_uart_ex.o

.debug_macro    0x00000000    0x227f3
 .debug_macro   0x00000000      0x31c ./Core/Src/Application/communication_module.o
 .debug_macro   0x0000031c      0xad8 ./Core/Src/Application/communication_module.o
 .debug_macro   0x00000df4      0x15e ./Core/Src/Application/communication_module.o
 .debug_macro   0x00000f52       0x2e ./Core/Src/Application/communication_module.o
 .debug_macro   0x00000f80       0x28 ./Core/Src/Application/communication_module.o
 .debug_macro   0x00000fa8       0x22 ./Core/Src/Application/communication_module.o
 .debug_macro   0x00000fca       0x8e ./Core/Src/Application/communication_module.o
 .debug_macro   0x00001058       0x51 ./Core/Src/Application/communication_module.o
 .debug_macro   0x000010a9      0x103 ./Core/Src/Application/communication_module.o
 .debug_macro   0x000011ac       0x6a ./Core/Src/Application/communication_module.o
 .debug_macro   0x00001216      0x1df ./Core/Src/Application/communication_module.o
 .debug_macro   0x000013f5       0x1c ./Core/Src/Application/communication_module.o
 .debug_macro   0x00001411       0x22 ./Core/Src/Application/communication_module.o
 .debug_macro   0x00001433       0xd9 ./Core/Src/Application/communication_module.o
 .debug_macro   0x0000150c     0x102d ./Core/Src/Application/communication_module.o
 .debug_macro   0x00002539      0x11f ./Core/Src/Application/communication_module.o
 .debug_macro   0x00002658    0x1535a ./Core/Src/Application/communication_module.o
 .debug_macro   0x000179b2       0x6d ./Core/Src/Application/communication_module.o
 .debug_macro   0x00017a1f     0x3574 ./Core/Src/Application/communication_module.o
 .debug_macro   0x0001af93      0x190 ./Core/Src/Application/communication_module.o
 .debug_macro   0x0001b123       0x55 ./Core/Src/Application/communication_module.o
 .debug_macro   0x0001b178      0x953 ./Core/Src/Application/communication_module.o
 .debug_macro   0x0001bacb      0x84a ./Core/Src/Application/communication_module.o
 .debug_macro   0x0001c315      0x1b5 ./Core/Src/Application/communication_module.o
 .debug_macro   0x0001c4ca      0x23a ./Core/Src/Application/communication_module.o
 .debug_macro   0x0001c704      0x1ea ./Core/Src/Application/communication_module.o
 .debug_macro   0x0001c8ee      0x1bc ./Core/Src/Application/communication_module.o
 .debug_macro   0x0001caaa       0x30 ./Core/Src/Application/communication_module.o
 .debug_macro   0x0001cada       0x3c ./Core/Src/Application/communication_module.o
 .debug_macro   0x0001cb16      0x235 ./Core/Src/Application/communication_module.o
 .debug_macro   0x0001cd4b      0x9fe ./Core/Src/Application/communication_module.o
 .debug_macro   0x0001d749       0x77 ./Core/Src/Application/communication_module.o
 .debug_macro   0x0001d7c0       0xc5 ./Core/Src/Application/communication_module.o
 .debug_macro   0x0001d885      0x21d ./Core/Src/Application/communication_module.o
 .debug_macro   0x0001daa2      0x22c ./Core/Src/Application/communication_module.o
 .debug_macro   0x0001dcce       0x5b ./Core/Src/Application/communication_module.o
 .debug_macro   0x0001dd29       0xa5 ./Core/Src/Application/communication_module.o
 .debug_macro   0x0001ddce       0x81 ./Core/Src/Application/communication_module.o
 .debug_macro   0x0001de4f       0xd3 ./Core/Src/Application/communication_module.o
 .debug_macro   0x0001df22      0x5ba ./Core/Src/Application/communication_module.o
 .debug_macro   0x0001e4dc       0x44 ./Core/Src/Application/communication_module.o
 .debug_macro   0x0001e520      0x347 ./Core/Src/Application/communication_module.o
 .debug_macro   0x0001e867       0x1c ./Core/Src/Application/communication_module.o
 .debug_macro   0x0001e883       0x2e ./Core/Src/Application/communication_module.o
 .debug_macro   0x0001e8b1       0x52 ./Core/Src/Application/communication_module.o
 .debug_macro   0x0001e903       0xa6 ./Core/Src/Application/communication_module.o
 .debug_macro   0x0001e9a9       0x61 ./Core/Src/Application/communication_module.o
 .debug_macro   0x0001ea0a       0x2a ./Core/Src/Application/communication_module.o
 .debug_macro   0x0001ea34       0x43 ./Core/Src/Application/communication_module.o
 .debug_macro   0x0001ea77       0x34 ./Core/Src/Application/communication_module.o
 .debug_macro   0x0001eaab       0x16 ./Core/Src/Application/communication_module.o
 .debug_macro   0x0001eac1       0x3c ./Core/Src/Application/communication_module.o
 .debug_macro   0x0001eafd      0x364 ./Core/Src/Application/communication_module.o
 .debug_macro   0x0001ee61       0x10 ./Core/Src/Application/communication_module.o
 .debug_macro   0x0001ee71       0x16 ./Core/Src/Application/communication_module.o
 .debug_macro   0x0001ee87       0x4a ./Core/Src/Application/communication_module.o
 .debug_macro   0x0001eed1       0x34 ./Core/Src/Application/communication_module.o
 .debug_macro   0x0001ef05       0x10 ./Core/Src/Application/communication_module.o
 .debug_macro   0x0001ef15       0x58 ./Core/Src/Application/communication_module.o
 .debug_macro   0x0001ef6d       0x8e ./Core/Src/Application/communication_module.o
 .debug_macro   0x0001effb       0x1c ./Core/Src/Application/communication_module.o
 .debug_macro   0x0001f017      0x17e ./Core/Src/Application/communication_module.o
 .debug_macro   0x0001f195       0x16 ./Core/Src/Application/communication_module.o
 .debug_macro   0x0001f1ab       0x16 ./Core/Src/Application/communication_module.o
 .debug_macro   0x0001f1c1      0x146 ./Core/Src/Application/communication_module.o
 .debug_macro   0x0001f307      0x2d7 ./Core/Src/Application/display_i2c.o
 .debug_macro   0x0001f5de       0x16 ./Core/Src/Application/display_i2c.o
 .debug_macro   0x0001f5f4       0x10 ./Core/Src/Application/display_i2c.o
 .debug_macro   0x0001f604       0x20 ./Core/Src/Application/display_i2c.o
 .debug_macro   0x0001f624      0x202 ./Core/Src/Application/joystick.o
 .debug_macro   0x0001f826       0x28 ./Core/Src/Application/joystick.o
 .debug_macro   0x0001f84e      0x208 ./Core/Src/Application/motor_rs485.o
 .debug_macro   0x0001fa56       0x4c ./Core/Src/Application/motor_rs485.o
 .debug_macro   0x0001faa2      0x1f5 ./Core/Src/adc.o
 .debug_macro   0x0001fc97       0xa0 ./Core/Src/adc.o
 .debug_macro   0x0001fd37      0x1f5 ./Core/Src/dma.o
 .debug_macro   0x0001ff2c      0x1f5 ./Core/Src/gpio.o
 .debug_macro   0x00020121      0x1f5 ./Core/Src/i2c.o
 .debug_macro   0x00020316      0x22b ./Core/Src/main.o
 .debug_macro   0x00020541      0x1eb ./Core/Src/stm32f3xx_hal_msp.o
 .debug_macro   0x0002072c      0x1f5 ./Core/Src/stm32f3xx_it.o
 .debug_macro   0x00020921      0x112 ./Core/Src/sysmem.o
 .debug_macro   0x00020a33      0x23c ./Core/Src/sysmem.o
 .debug_macro   0x00020c6f      0x1dc ./Core/Src/system_stm32f3xx.o
 .debug_macro   0x00020e4b      0x1f5 ./Core/Src/usart.o
 .debug_macro   0x00021040      0x200 ./Drivers/STM32F3xx_HAL_Driver/Src/stm32f3xx_hal.o
 .debug_macro   0x00021240      0x1dd ./Drivers/STM32F3xx_HAL_Driver/Src/stm32f3xx_hal_adc.o
 .debug_macro   0x0002141d      0x206 ./Drivers/STM32F3xx_HAL_Driver/Src/stm32f3xx_hal_adc_ex.o
 .debug_macro   0x00021623      0x1dc ./Drivers/STM32F3xx_HAL_Driver/Src/stm32f3xx_hal_cortex.o
 .debug_macro   0x000217ff      0x1dc ./Drivers/STM32F3xx_HAL_Driver/Src/stm32f3xx_hal_dma.o
 .debug_macro   0x000219db      0x1e3 ./Drivers/STM32F3xx_HAL_Driver/Src/stm32f3xx_hal_gpio.o
 .debug_macro   0x00021bbe      0x2a8 ./Drivers/STM32F3xx_HAL_Driver/Src/stm32f3xx_hal_i2c.o
 .debug_macro   0x00021e66      0x1dc ./Drivers/STM32F3xx_HAL_Driver/Src/stm32f3xx_hal_i2c_ex.o
 .debug_macro   0x00022042      0x200 ./Drivers/STM32F3xx_HAL_Driver/Src/stm32f3xx_hal_rcc.o
 .debug_macro   0x00022242      0x1dc ./Drivers/STM32F3xx_HAL_Driver/Src/stm32f3xx_hal_rcc_ex.o
 .debug_macro   0x0002241e      0x1f9 ./Drivers/STM32F3xx_HAL_Driver/Src/stm32f3xx_hal_uart.o
 .debug_macro   0x00022617      0x1dc ./Drivers/STM32F3xx_HAL_Driver/Src/stm32f3xx_hal_uart_ex.o

.debug_line     0x00000000    0x17645
 .debug_line    0x00000000      0xbb0 ./Core/Src/Application/communication_module.o
 .debug_line    0x00000bb0      0xb0e ./Core/Src/Application/display_i2c.o
 .debug_line    0x000016be      0x878 ./Core/Src/Application/joystick.o
 .debug_line    0x00001f36      0xb67 ./Core/Src/Application/motor_rs485.o
 .debug_line    0x00002a9d      0x857 ./Core/Src/adc.o
 .debug_line    0x000032f4      0x770 ./Core/Src/dma.o
 .debug_line    0x00003a64      0x7a7 ./Core/Src/gpio.o
 .debug_line    0x0000420b      0x7fe ./Core/Src/i2c.o
 .debug_line    0x00004a09      0x8a8 ./Core/Src/main.o
 .debug_line    0x000052b1      0x775 ./Core/Src/stm32f3xx_hal_msp.o
 .debug_line    0x00005a26      0x86c ./Core/Src/stm32f3xx_it.o
 .debug_line    0x00006292      0x58d ./Core/Src/sysmem.o
 .debug_line    0x0000681f      0x7f4 ./Core/Src/system_stm32f3xx.o
 .debug_line    0x00007013      0x863 ./Core/Src/usart.o
 .debug_line    0x00007876       0x7a ./Core/Startup/startup_stm32f303retx.o
 .debug_line    0x000078f0      0xa2e ./Drivers/STM32F3xx_HAL_Driver/Src/stm32f3xx_hal.o
 .debug_line    0x0000831e      0x965 ./Drivers/STM32F3xx_HAL_Driver/Src/stm32f3xx_hal_adc.o
 .debug_line    0x00008c83     0x267b ./Drivers/STM32F3xx_HAL_Driver/Src/stm32f3xx_hal_adc_ex.o
 .debug_line    0x0000b2fe      0xcf6 ./Drivers/STM32F3xx_HAL_Driver/Src/stm32f3xx_hal_cortex.o
 .debug_line    0x0000bff4      0xd19 ./Drivers/STM32F3xx_HAL_Driver/Src/stm32f3xx_hal_dma.o
 .debug_line    0x0000cd0d      0xb9e ./Drivers/STM32F3xx_HAL_Driver/Src/stm32f3xx_hal_gpio.o
 .debug_line    0x0000d8ab     0x378e ./Drivers/STM32F3xx_HAL_Driver/Src/stm32f3xx_hal_i2c.o
 .debug_line    0x00011039      0x8db ./Drivers/STM32F3xx_HAL_Driver/Src/stm32f3xx_hal_i2c_ex.o
 .debug_line    0x00011914     0x15a2 ./Drivers/STM32F3xx_HAL_Driver/Src/stm32f3xx_hal_rcc.o
 .debug_line    0x00012eb6      0xf8e ./Drivers/STM32F3xx_HAL_Driver/Src/stm32f3xx_hal_rcc_ex.o
 .debug_line    0x00013e44     0x2ca7 ./Drivers/STM32F3xx_HAL_Driver/Src/stm32f3xx_hal_uart.o
 .debug_line    0x00016aeb      0xb5a ./Drivers/STM32F3xx_HAL_Driver/Src/stm32f3xx_hal_uart_ex.o

.debug_str      0x00000000    0xcb718
 .debug_str     0x00000000    0xcb718 ./Core/Src/Application/communication_module.o
                              0xc76e5 (size before relaxing)
 .debug_str     0x000cb718    0xc66f6 ./Core/Src/Application/display_i2c.o
 .debug_str     0x000cb718    0xc3d06 ./Core/Src/Application/joystick.o
 .debug_str     0x000cb718    0xc3b09 ./Core/Src/Application/motor_rs485.o
 .debug_str     0x000cb718    0xc37cf ./Core/Src/adc.o
 .debug_str     0x000cb718    0xc36a1 ./Core/Src/dma.o
 .debug_str     0x000cb718    0xc32b3 ./Core/Src/gpio.o
 .debug_str     0x000cb718    0xc37b0 ./Core/Src/i2c.o
 .debug_str     0x000cb718    0xc3aae ./Core/Src/main.o
 .debug_str     0x000cb718    0xc31e8 ./Core/Src/stm32f3xx_hal_msp.o
 .debug_str     0x000cb718    0xc36e1 ./Core/Src/stm32f3xx_it.o
 .debug_str     0x000cb718     0x7733 ./Core/Src/sysmem.o
 .debug_str     0x000cb718    0xc2fa3 ./Core/Src/system_stm32f3xx.o
 .debug_str     0x000cb718    0xc3c39 ./Core/Src/usart.o
 .debug_str     0x000cb718       0xab ./Core/Startup/startup_stm32f303retx.o
 .debug_str     0x000cb718    0xc384c ./Drivers/STM32F3xx_HAL_Driver/Src/stm32f3xx_hal.o
 .debug_str     0x000cb718    0xc3590 ./Drivers/STM32F3xx_HAL_Driver/Src/stm32f3xx_hal_adc.o
 .debug_str     0x000cb718    0xc3ca9 ./Drivers/STM32F3xx_HAL_Driver/Src/stm32f3xx_hal_adc_ex.o
 .debug_str     0x000cb718    0xc38d0 ./Drivers/STM32F3xx_HAL_Driver/Src/stm32f3xx_hal_cortex.o
 .debug_str     0x000cb718    0xc32eb ./Drivers/STM32F3xx_HAL_Driver/Src/stm32f3xx_hal_dma.o
 .debug_str     0x000cb718    0xc3188 ./Drivers/STM32F3xx_HAL_Driver/Src/stm32f3xx_hal_gpio.o
 .debug_str     0x000cb718    0xc42a3 ./Drivers/STM32F3xx_HAL_Driver/Src/stm32f3xx_hal_i2c.o
 .debug_str     0x000cb718    0xc3526 ./Drivers/STM32F3xx_HAL_Driver/Src/stm32f3xx_hal_i2c_ex.o
 .debug_str     0x000cb718    0xc3447 ./Drivers/STM32F3xx_HAL_Driver/Src/stm32f3xx_hal_rcc.o
 .debug_str     0x000cb718    0xc3291 ./Drivers/STM32F3xx_HAL_Driver/Src/stm32f3xx_hal_rcc_ex.o
 .debug_str     0x000cb718    0xc3cc6 ./Drivers/STM32F3xx_HAL_Driver/Src/stm32f3xx_hal_uart.o
 .debug_str     0x000cb718    0xc35cb ./Drivers/STM32F3xx_HAL_Driver/Src/stm32f3xx_hal_uart_ex.o

.comment        0x00000000       0x43
 .comment       0x00000000       0x43 ./Core/Src/Application/communication_module.o
                                 0x44 (size before relaxing)
 .comment       0x00000043       0x44 ./Core/Src/Application/display_i2c.o
 .comment       0x00000043       0x44 ./Core/Src/Application/joystick.o
 .comment       0x00000043       0x44 ./Core/Src/Application/motor_rs485.o
 .comment       0x00000043       0x44 ./Core/Src/adc.o
 .comment       0x00000043       0x44 ./Core/Src/dma.o
 .comment       0x00000043       0x44 ./Core/Src/gpio.o
 .comment       0x00000043       0x44 ./Core/Src/i2c.o
 .comment       0x00000043       0x44 ./Core/Src/main.o
 .comment       0x00000043       0x44 ./Core/Src/stm32f3xx_hal_msp.o
 .comment       0x00000043       0x44 ./Core/Src/stm32f3xx_it.o
 .comment       0x00000043       0x44 ./Core/Src/sysmem.o
 .comment       0x00000043       0x44 ./Core/Src/system_stm32f3xx.o
 .comment       0x00000043       0x44 ./Core/Src/usart.o
 .comment       0x00000043       0x44 ./Drivers/STM32F3xx_HAL_Driver/Src/stm32f3xx_hal.o
 .comment       0x00000043       0x44 ./Drivers/STM32F3xx_HAL_Driver/Src/stm32f3xx_hal_adc.o
 .comment       0x00000043       0x44 ./Drivers/STM32F3xx_HAL_Driver/Src/stm32f3xx_hal_adc_ex.o
 .comment       0x00000043       0x44 ./Drivers/STM32F3xx_HAL_Driver/Src/stm32f3xx_hal_cortex.o
 .comment       0x00000043       0x44 ./Drivers/STM32F3xx_HAL_Driver/Src/stm32f3xx_hal_dma.o
 .comment       0x00000043       0x44 ./Drivers/STM32F3xx_HAL_Driver/Src/stm32f3xx_hal_gpio.o
 .comment       0x00000043       0x44 ./Drivers/STM32F3xx_HAL_Driver/Src/stm32f3xx_hal_i2c.o
 .comment       0x00000043       0x44 ./Drivers/STM32F3xx_HAL_Driver/Src/stm32f3xx_hal_i2c_ex.o
 .comment       0x00000043       0x44 ./Drivers/STM32F3xx_HAL_Driver/Src/stm32f3xx_hal_rcc.o
 .comment       0x00000043       0x44 ./Drivers/STM32F3xx_HAL_Driver/Src/stm32f3xx_hal_rcc_ex.o
 .comment       0x00000043       0x44 ./Drivers/STM32F3xx_HAL_Driver/Src/stm32f3xx_hal_uart.o
 .comment       0x00000043       0x44 ./Drivers/STM32F3xx_HAL_Driver/Src/stm32f3xx_hal_uart_ex.o

.debug_frame    0x00000000     0x3f18